
> pretest
> npx jest --clearCache

Cleared /private/var/folders/03/cp4zqzh54771jrp3z47pt3h80000gn/T/jest_dx

> test
> npx jest --verbose

PASS packages/action-lib/__tests__/utils_suite.test.ts
  ✓ testing triplet extraction from arguments (1 ms)
  baselibs utils tests
    ✓ testing for presence of flags (9 ms)
    ✓ testing for path normalization
    ✓ tests for dumpError() (6 ms)

::debug::error
::debug::Error: error%0A    at /Users/luca/github/run-cmake-vcpkg-action-libs/packages/action-lib/__tests__/utils_suite.test.ts:74:13%0A    at Generator.next (<anonymous>)%0A    at /Users/luca/github/run-cmake-vcpkg-action-libs/packages/action-lib/__tests__/utils_suite.test.ts:30:71%0A    at new Promise (<anonymous>)%0A    at Object.<anonymous>.__awaiter (/Users/luca/github/run-cmake-vcpkg-action-libs/packages/action-lib/__tests__/utils_suite.test.ts:26:12)%0A    at Object.<anonymous> (/Users/luca/github/run-cmake-vcpkg-action-libs/packages/action-lib/__tests__/utils_suite.test.ts:70:44)%0A    at Promise.then.completed (/Users/luca/github/run-cmake-vcpkg-action-libs/node_modules/jest-circus/build/utils.js:276:28)%0A    at new Promise (<anonymous>)%0A    at callAsyncCircusFn (/Users/luca/github/run-cmake-vcpkg-action-libs/node_modules/jest-circus/build/utils.js:216:10)%0A    at _callCircusTest (/Users/luca/github/run-cmake-vcpkg-action-libs/node_modules/jest-circus/build/run.js:212:40)
::debug::
::debug::Error: %0A    at /Users/luca/github/run-cmake-vcpkg-action-libs/packages/action-lib/__tests__/utils_suite.test.ts:82:13%0A    at Generator.next (<anonymous>)%0A    at /Users/luca/github/run-cmake-vcpkg-action-libs/packages/action-lib/__tests__/utils_suite.test.ts:30:71%0A    at new Promise (<anonymous>)%0A    at Object.<anonymous>.__awaiter (/Users/luca/github/run-cmake-vcpkg-action-libs/packages/action-lib/__tests__/utils_suite.test.ts:26:12)%0A    at Object.<anonymous> (/Users/luca/github/run-cmake-vcpkg-action-libs/packages/action-lib/__tests__/utils_suite.test.ts:70:44)%0A    at Promise.then.completed (/Users/luca/github/run-cmake-vcpkg-action-libs/node_modules/jest-circus/build/utils.js:276:28)%0A    at new Promise (<anonymous>)%0A    at callAsyncCircusFn (/Users/luca/github/run-cmake-vcpkg-action-libs/node_modules/jest-circus/build/utils.js:216:10)%0A    at _callCircusTest (/Users/luca/github/run-cmake-vcpkg-action-libs/node_modules/jest-circus/build/run.js:212:40)
::debug::"which(git)<<
  console.log
    tool: /opt/homebrew/bin/git

      at ActionLib.<anonymous> (packages/action-lib/src/action-lib.ts:380:13)

::debug::"which(git) >> /opt/homebrew/bin/git
::debug::exec(/opt/homebrew/bin/git, ["--version"], {/Users/luca/github/run-cmake-vcpkg-action-libs})<<
Running command '/opt/homebrew/bin/git' with args '--version' in current directory '/Users/luca/github/run-cmake-vcpkg-action-libs'.
::debug::cp.spawn("/opt/homebrew/bin/git", ["--version"], {cwd=/Users/luca/github/run-cmake-vcpkg-action-libs, shell=false, path="/Users/luca/github/run-cmake-vcpkg-action-libs/node_modules/.bin:/Users/luca/github/node_modules/.bin:/Users/luca/node_modules/.bin:/Users/node_modules/.bin:/node_modules/.bin:/opt/homebrew/lib/node_modules/npm/node_modules/@npmcli/run-script/lib/node-gyp-bin:/Users/luca/github/run-cmake-vcpkg-action-libs/node_modules/.bin:/Users/luca/github/run-cmake-vcpkg-action-libs/node_modules/.bin:/Users/luca/github/node_modules/.bin:/Users/luca/node_modules/.bin:/Users/node_modules/.bin:/node_modules/.bin:/opt/homebrew/lib/node_modules/npm/node_modules/@npmcli/run-script/lib/node-gyp-bin:/opt/homebrew/bin:/opt/homebrew/sbin:/usr/local/bin:/usr/bin:/bin:/usr/sbin:/sbin:/opt/X11/bin:/opt/homebrew/bin:/opt/homebrew/sbin"})
git version 2.31.1
::debug::Exit code '0' received from command '/opt/homebrew/bin/git'
::debug::STDIO streams have closed for command '/opt/homebrew/bin/git'
::debug::exec(/opt/homebrew/bin/git, ["--version"], {/Users/luca/github/run-cmake-vcpkg-action-libs})<<
Running command '/opt/homebrew/bin/git' with args '--version' in current directory '/Users/luca/github/run-cmake-vcpkg-action-libs'.
::debug::cp.spawn("/opt/homebrew/bin/git", ["--version"], {cwd=/Users/luca/github/run-cmake-vcpkg-action-libs, shell=false, path="/Users/luca/github/run-cmake-vcpkg-action-libs/node_modules/.bin:/Users/luca/github/node_modules/.bin:/Users/luca/node_modules/.bin:/Users/node_modules/.bin:/node_modules/.bin:/opt/homebrew/lib/node_modules/npm/node_modules/@npmcli/run-script/lib/node-gyp-bin:/Users/luca/github/run-cmake-vcpkg-action-libs/node_modules/.bin:/Users/luca/github/run-cmake-vcpkg-action-libs/node_modules/.bin:/Users/luca/github/node_modules/.bin:/Users/luca/node_modules/.bin:/Users/node_modules/.bin:/node_modules/.bin:/opt/homebrew/lib/node_modules/npm/node_modules/@npmcli/run-script/lib/node-gyp-bin:/opt/homebrew/bin:/opt/homebrew/sbin:/usr/local/bin:/usr/bin:/bin:/usr/sbin:/sbin:/opt/X11/bin:/opt/homebrew/bin:/opt/homebrew/sbin"})
git version 2.31.1
::debug::Exit code '0' received from command '/opt/homebrew/bin/git'
::debug::STDIO streams have closed for command '/opt/homebrew/bin/git'
::debug::exec(/opt/homebrew/bin/git, ["--version"], {/Users/luca/github/run-cmake-vcpkg-action-libs})<<
Running command '/opt/homebrew/bin/git' with args '--version' in current directory '/Users/luca/github/run-cmake-vcpkg-action-libs'.
::debug::cp.spawn("/opt/homebrew/bin/git", ["--version"], {cwd=/Users/luca/github/run-cmake-vcpkg-action-libs, shell=false, path="/Users/luca/github/run-cmake-vcpkg-action-libs/node_modules/.bin:/Users/luca/github/node_modules/.bin:/Users/luca/node_modules/.bin:/Users/node_modules/.bin:/node_modules/.bin:/opt/homebrew/lib/node_modules/npm/node_modules/@npmcli/run-script/lib/node-gyp-bin:/Users/luca/github/run-cmake-vcpkg-action-libs/node_modules/.bin:/Users/luca/github/run-cmake-vcpkg-action-libs/node_modules/.bin:/Users/luca/github/node_modules/.bin:/Users/luca/node_modules/.bin:/Users/node_modules/.bin:/node_modules/.bin:/opt/homebrew/lib/node_modules/npm/node_modules/@npmcli/run-script/lib/node-gyp-bin:/opt/homebrew/bin:/opt/homebrew/sbin:/usr/local/bin:/usr/bin:/bin:/usr/sbin:/sbin:/opt/X11/bin:/opt/homebrew/bin:/opt/homebrew/sbin"})
git version 2.31.1
::debug::Exit code '0' received from command '/opt/homebrew/bin/git'
::debug::STDIO streams have closed for command '/opt/homebrew/bin/git'
::debug::exec(/opt/homebrew/bin/git, ["--version"], {/Users/luca/github/run-cmake-vcpkg-action-libs})<<
Running command '/opt/homebrew/bin/git' with args '--version' in current directory '/Users/luca/github/run-cmake-vcpkg-action-libs'.
::debug::cp.spawn("/opt/homebrew/bin/git", ["--version"], {cwd=/Users/luca/github/run-cmake-vcpkg-action-libs, shell=false, path="/Users/luca/github/run-cmake-vcpkg-action-libs/node_modules/.bin:/Users/luca/github/node_modules/.bin:/Users/luca/node_modules/.bin:/Users/node_modules/.bin:/node_modules/.bin:/opt/homebrew/lib/node_modules/npm/node_modules/@npmcli/run-script/lib/node-gyp-bin:/Users/luca/github/run-cmake-vcpkg-action-libs/node_modules/.bin:/Users/luca/github/run-cmake-vcpkg-action-libs/node_modules/.bin:/Users/luca/github/node_modules/.bin:/Users/luca/node_modules/.bin:/Users/node_modules/.bin:/node_modules/.bin:/opt/homebrew/lib/node_modules/npm/node_modules/@npmcli/run-script/lib/node-gyp-bin:/opt/homebrew/bin:/opt/homebrew/sbin:/usr/local/bin:/usr/bin:/bin:/usr/sbin:/sbin:/opt/X11/bin:/opt/homebrew/bin:/opt/homebrew/sbin"})
  console.log
    test: beginOperation('Setup environment variables for triplet 'triplet' using 'vcpkg env'')

      at Object.testLog (packages/run-vcpkg-lib/__tests__/utils.ts:14:13)

  console.log
    looking up mock answers for "exec", key "/vcpkgroot/vcpkg env --bin --include --tools --python --triplet triplet set"

      at Object.<anonymous>.MockAnswers.defaultLogger (packages/run-vcpkg-lib/__tests__/utils.ts:42:76)

  console.log
    found mock response: {"code":0,"stdout":"vcpkg env's output:\nA=1\nB=2\n"}

      at Object.<anonymous>.MockAnswers.defaultLogger (packages/run-vcpkg-lib/__tests__/utils.ts:42:76)

  console.log
    { code: 0, stdout: "vcpkg env's output:\nA=1\nB=2\n" }

      at ActionToolRunner.<anonymous> (packages/run-vcpkg-lib/__tests__/mocks.ts:173:13)

  console.log
    {"code":0,"stdout":"vcpkg env's output:\nA=1\nB=2\n"}

      at ActionToolRunner.<anonymous> (packages/run-vcpkg-lib/__tests__/mocks.ts:174:13)

git version 2.31.1
  console.log
    test debug: set A=1

      at Object.<anonymous> (packages/run-vcpkg-lib/__tests__/mocks.ts:102:65)

::debug::Exit code '0' received from command '/opt/homebrew/bin/git'
::debug::STDIO streams have closed for command '/opt/homebrew/bin/git'
  console.log
    test debug: set B=2

      at Object.<anonymous> (packages/run-vcpkg-lib/__tests__/mocks.ts:102:65)

  console.log
    test: endOperation('Setup environment variables for triplet 'triplet' using 'vcpkg env'')

      at Object.testLog (packages/run-vcpkg-lib/__tests__/utils.ts:14:13)

  console.log
    info: ⏱ elapsed: 0.008 seconds

      at Object.<anonymous> (packages/run-vcpkg-lib/__tests__/mocks.ts:113:21)

::debug::"which(git)<<
  console.log
    test: beginOperation('Setup environment variables for triplet 'triplet' using 'vcpkg env'')

      at Object.testLog (packages/run-vcpkg-lib/__tests__/utils.ts:14:13)

  console.log
    tool: /opt/homebrew/bin/git

      at ActionLib.<anonymous> (packages/action-lib/src/action-lib.ts:380:13)

::debug::"which(git) >> /opt/homebrew/bin/git
  console.log
    looking up mock answers for "exec", key "/vcpkgroot/vcpkg env --bin --include --tools --python --triplet triplet set"

      at Object.<anonymous>.MockAnswers.defaultLogger (packages/run-vcpkg-lib/__tests__/utils.ts:42:76)

::debug::exec(/opt/homebrew/bin/git, ["--version"], {/Users/luca/github/run-cmake-vcpkg-action-libs})<<
Running command '/opt/homebrew/bin/git' with args '--version' in current directory '/Users/luca/github/run-cmake-vcpkg-action-libs'.
::debug::cp.spawn("/opt/homebrew/bin/git", ["--version"], {cwd=/Users/luca/github/run-cmake-vcpkg-action-libs, shell=false, path="/Users/luca/github/run-cmake-vcpkg-action-libs/node_modules/.bin:/Users/luca/github/node_modules/.bin:/Users/luca/node_modules/.bin:/Users/node_modules/.bin:/node_modules/.bin:/opt/homebrew/lib/node_modules/npm/node_modules/@npmcli/run-script/lib/node-gyp-bin:/Users/luca/github/run-cmake-vcpkg-action-libs/node_modules/.bin:/Users/luca/github/run-cmake-vcpkg-action-libs/node_modules/.bin:/Users/luca/github/node_modules/.bin:/Users/luca/node_modules/.bin:/Users/node_modules/.bin:/node_modules/.bin:/opt/homebrew/lib/node_modules/npm/node_modules/@npmcli/run-script/lib/node-gyp-bin:/opt/homebrew/bin:/opt/homebrew/sbin:/usr/local/bin:/usr/bin:/bin:/usr/sbin:/sbin:/opt/X11/bin:/opt/homebrew/bin:/opt/homebrew/sbin"})
  console.log
    found mock response: {"code":1,"stdout":""}

      at Object.<anonymous>.MockAnswers.defaultLogger (packages/run-vcpkg-lib/__tests__/utils.ts:42:76)

  console.log
    { code: 1, stdout: '' }

      at ActionToolRunner.<anonymous> (packages/run-vcpkg-lib/__tests__/mocks.ts:173:13)

  console.log
    {"code":1,"stdout":""}

      at ActionToolRunner.<anonymous> (packages/run-vcpkg-lib/__tests__/mocks.ts:174:13)

  console.log
    test: endOperation('Setup environment variables for triplet 'triplet' using 'vcpkg env'')

      at Object.testLog (packages/run-vcpkg-lib/__tests__/utils.ts:14:13)
          at Generator.throw (<anonymous>)

  console.log
    info: ⏱ elapsed: 0.002 seconds

      at Object.<anonymous> (packages/run-vcpkg-lib/__tests__/mocks.ts:113:21)
          at Generator.throw (<anonymous>)

git version 2.31.1
::debug::Exit code '0' received from command '/opt/homebrew/bin/git'
::debug::STDIO streams have closed for command '/opt/homebrew/bin/git'
::debug::exec(/opt/homebrew/bin/git, [], {/Users/luca/github/run-cmake-vcpkg-action-libs})<<
Running command '/opt/homebrew/bin/git' with args '' in current directory '/Users/luca/github/run-cmake-vcpkg-action-libs'.
::debug::cp.spawn("/opt/homebrew/bin/git", [], {cwd=/Users/luca/github/run-cmake-vcpkg-action-libs, shell=false, path="/Users/luca/github/run-cmake-vcpkg-action-libs/node_modules/.bin:/Users/luca/github/node_modules/.bin:/Users/luca/node_modules/.bin:/Users/node_modules/.bin:/node_modules/.bin:/opt/homebrew/lib/node_modules/npm/node_modules/@npmcli/run-script/lib/node-gyp-bin:/Users/luca/github/run-cmake-vcpkg-action-libs/node_modules/.bin:/Users/luca/github/run-cmake-vcpkg-action-libs/node_modules/.bin:/Users/luca/github/node_modules/.bin:/Users/luca/node_modules/.bin:/Users/node_modules/.bin:/node_modules/.bin:/opt/homebrew/lib/node_modules/npm/node_modules/@npmcli/run-script/lib/node-gyp-bin:/opt/homebrew/bin:/opt/homebrew/sbin:/usr/local/bin:/usr/bin:/bin:/usr/sbin:/sbin:/opt/X11/bin:/opt/homebrew/bin:/opt/homebrew/sbin"})
usage: git [--version] [--help] [-C <path>] [-c <name>=<value>]
           [--exec-path[=<path>]] [--html-path] [--man-path] [--info-path]
           [-p | --paginate | -P | --no-pager] [--no-replace-objects] [--bare]
           [--git-dir=<path>] [--work-tree=<path>] [--namespace=<name>]
           [--super-prefix=<path>] [--config-env=<name>=<envvar>]
           <command> [<args>]

These are common Git commands used in various situations:

start a working area (see also: git help tutorial)
   clone             Clone a repository into a new directory
   init              Create an empty Git repository or reinitialize an existing one

work on the current change (see also: git help everyday)
   add               Add file contents to the index
   mv                Move or rename a file, a directory, or a symlink
   restore           Restore working tree files
   rm                Remove files from the working tree and from the index
   sparse-checkout   Initialize and modify the sparse-checkout

examine the history and state (see also: git help revisions)
   bisect            Use binary search to find the commit that introduced a bug
   diff              Show changes between commits, commit and working tree, etc
   grep              Print lines matching a pattern
   log               Show commit logs
   show              Show various types of objects
   status            Show the working tree status

grow, mark and tweak your common history
   branch            List, create, or delete branches
   commit            Record changes to the repository
   merge             Join two or more development histories together
   rebase            Reapply commits on top of another base tip
   reset             Reset current HEAD to the specified state
   switch            Switch branches
   tag               Create, list, delete or verify a tag object signed with GPG

collaborate (see also: git help workflows)
   fetch             Download objects and refs from another repository
   pull              Fetch from and integrate with another repository or a local branch
   push              Update remote refs along with associated objects

'git help -a' and 'git help -g' list available subcommands and some
concept guides. See 'git help <command>' or 'git help <concept>'
to read about a specific subcommand or concept.
See 'git help git' for an overview of the system.
::debug::Exit code '1' received from command '/opt/homebrew/bin/git'
::debug::STDIO streams have closed for command '/opt/homebrew/bin/git'
::debug::exec(/opt/homebrew/bin/git, ["--version"], {/Users/luca/github/run-cmake-vcpkg-action-libs})<<
Running command '/opt/homebrew/bin/git' with args '--version' in current directory '/Users/luca/github/run-cmake-vcpkg-action-libs'.
::debug::cp.spawn("/opt/homebrew/bin/git", ["--version"], {cwd=/Users/luca/github/run-cmake-vcpkg-action-libs, shell=false, path="/Users/luca/github/run-cmake-vcpkg-action-libs/node_modules/.bin:/Users/luca/github/node_modules/.bin:/Users/luca/node_modules/.bin:/Users/node_modules/.bin:/node_modules/.bin:/opt/homebrew/lib/node_modules/npm/node_modules/@npmcli/run-script/lib/node-gyp-bin:/Users/luca/github/run-cmake-vcpkg-action-libs/node_modules/.bin:/Users/luca/github/run-cmake-vcpkg-action-libs/node_modules/.bin:/Users/luca/github/node_modules/.bin:/Users/luca/node_modules/.bin:/Users/node_modules/.bin:/node_modules/.bin:/opt/homebrew/lib/node_modules/npm/node_modules/@npmcli/run-script/lib/node-gyp-bin:/opt/homebrew/bin:/opt/homebrew/sbin:/usr/local/bin:/usr/bin:/bin:/usr/sbin:/sbin:/opt/X11/bin:/opt/homebrew/bin:/opt/homebrew/sbin"})
git version 2.31.1
::debug::Exit code '0' received from command '/opt/homebrew/bin/git'
::debug::STDIO streams have closed for command '/opt/homebrew/bin/git'
::debug::"which(reallynotexistenttool)<<
PASS packages/run-cmake-lib/__tests__/utils_suite.test.ts
  BaseUtilLib tests
    ✓ testing for presence of CMake flags (1 ms)
  CMakeUtils tests
    ✓ CMakeUtils.injectVcpkgToolchain tests
    ✓ CMakeUtils.injectEnvVariables tests (101 ms)

PASS packages/action-lib/__tests__/lib.test.ts
  ✓ ActionToolRunner exec() and execSync() tests (140 ms)
  ✓ ActionLib exec() execSync() tests (45 ms)
  ✓ ActionLib info(), warn(), error() tests (3 ms)
  ✓ ActionLib which()/exists() tests (31 ms)
  ✓ ActionLib&Utils mkdirP() tests (2 ms)
  ✓ ActionLib&Utils exist()/readFile()/writeFile()/get*Dir() tests (30 ms)

::debug::"which(reallynotexistenttool)<<
  console.log
    tool:

      at ActionLib.<anonymous> (packages/action-lib/src/action-lib.ts:380:13)

::debug::"which(reallynotexistenttool) >> 
::debug::"which(git)<<
  console.log
    tool: /opt/homebrew/bin/git

      at ActionLib.<anonymous> (packages/action-lib/src/action-lib.ts:380:13)

::debug::"which(git) >> /opt/homebrew/bin/git
::debug::readFile(/var/folders/03/cp4zqzh54771jrp3z47pt3h80000gn/T/35624/file)='fileContent'.
::debug::Writing to file '/var/folders/03/cp4zqzh54771jrp3z47pt3h80000gn/T/35624/file' content 'fileContent'.
::debug::readFile(/var/folders/03/cp4zqzh54771jrp3z47pt3h80000gn/T/35624/file)='fileContent'.
::group::operation
::endgroup::
::group::wrapOp
::group::wrapOpSync
::endgroup::
::endgroup::
PASS packages/run-vcpkg-lib/__tests__/run-vcpkg.do-not-bootstrap-on-version.test.ts
  ✓ run-vcpkg must not build (i.e. running bootstrap) when the version of the repository is the same as the last built binary (47 ms)

  console.log
    >>> EXECUTING TEST: 'run-vcpkg must not build (i.e. running bootstrap) when the version of the repository is the same as the last built binary'

      at Object.testWithHeader (packages/run-vcpkg-lib/__tests__/utils.ts:4:13)

  console.log
    test: input 'vcpkgGitURL' not found

      at testLog (packages/run-vcpkg-lib/__tests__/utils.ts:14:13)

  console.log
    test: input 'vcpkgGitCommitId' not found

      at testLog (packages/run-vcpkg-lib/__tests__/utils.ts:14:13)

  console.log
    test: input 'doRunVcpkg' not found

      at testLog (packages/run-vcpkg-lib/__tests__/utils.ts:14:13)

  console.log
    test: input 'logCollectionRegExps' not found

      at testLog (packages/run-vcpkg-lib/__tests__/utils.ts:14:13)

  console.log
    test debug: vcpkg runner starting...

      at Object.<anonymous> (packages/run-vcpkg-lib/__tests__/mocks.ts:102:65)

  console.log
    test: beginOperation('Set output env vars')

      at Object.testLog (packages/run-vcpkg-lib/__tests__/utils.ts:14:13)

  console.log
    info: Set the output variable 'RUNVCPKG_VCPKG_ROOT_OUT' to value: /path/to/vcpkg

      at Object.<anonymous> (packages/run-vcpkg-lib/__tests__/mocks.ts:113:21)

  console.log
    test: endOperation('Set output env vars')

      at Object.testLog (packages/run-vcpkg-lib/__tests__/utils.ts:14:13)

  console.log
    info: ⏱ elapsed: 0.001 seconds

      at Object.<anonymous> (packages/run-vcpkg-lib/__tests__/mocks.ts:113:21)

  console.log
    looking up mock answers for "exist", key "/path/to/vcpkg"

      at Object.<anonymous>.MockAnswers.defaultLogger (packages/run-vcpkg-lib/__tests__/utils.ts:42:76)

  console.log
    found mock response: true

      at Object.<anonymous>.MockAnswers.defaultLogger (packages/run-vcpkg-lib/__tests__/utils.ts:42:76)

  console.log
    test debug: getCommitId()<<

      at Object.<anonymous> (packages/run-vcpkg-lib/__tests__/mocks.ts:102:65)

  console.log
    looking up mock answers for "which", key "git"

      at Object.<anonymous>.MockAnswers.defaultLogger (packages/run-vcpkg-lib/__tests__/utils.ts:42:76)

  console.log
    found mock response: "/usr/local/bin/git"

      at Object.<anonymous>.MockAnswers.defaultLogger (packages/run-vcpkg-lib/__tests__/utils.ts:42:76)

  console.log
    info: Fetching the Git commit id at '/path/to/vcpkg' ...

      at Object.<anonymous> (packages/run-vcpkg-lib/__tests__/mocks.ts:113:21)

  console.log
    looking up mock answers for "exec", key "/usr/local/bin/git rev-parse HEAD"

      at Object.<anonymous>.MockAnswers.defaultLogger (packages/run-vcpkg-lib/__tests__/utils.ts:42:76)

  console.log
    found mock response: {"code":0,"stdout":"1234567890123456789012345678901234567890"}

      at Object.<anonymous>.MockAnswers.defaultLogger (packages/run-vcpkg-lib/__tests__/utils.ts:42:76)

  console.log
    { code: 0, stdout: '1234567890123456789012345678901234567890' }

      at ActionToolRunner.<anonymous> (packages/run-vcpkg-lib/__tests__/mocks.ts:173:13)

  console.log
    {"code":0,"stdout":"1234567890123456789012345678901234567890"}

      at ActionToolRunner.<anonymous> (packages/run-vcpkg-lib/__tests__/mocks.ts:174:13)

  console.log
    test debug: git rev-parse: code=0, stdout=1234567890123456789012345678901234567890, stderr=

      at Object.<anonymous> (packages/run-vcpkg-lib/__tests__/mocks.ts:102:65)

  console.log
    test debug: getCommitId()>> -> 1234567890123456789012345678901234567890

      at Object.<anonymous> (packages/run-vcpkg-lib/__tests__/mocks.ts:102:65)

  console.log
    test: beginOperation('Check whether vcpkg repository is up to date')

      at Object.testLog (packages/run-vcpkg-lib/__tests__/utils.ts:14:13)

  console.log
    info: Checking whether vcpkg's repository is updated to commit id '1234567890123456789012345678901234567890' ...

      at Object.<anonymous> (packages/run-vcpkg-lib/__tests__/mocks.ts:113:21)

  console.log
    looking up mock answers for "which", key "git"

      at Object.<anonymous>.MockAnswers.defaultLogger (packages/run-vcpkg-lib/__tests__/utils.ts:42:76)

  console.log
    found mock response: "/usr/local/bin/git"

      at Object.<anonymous>.MockAnswers.defaultLogger (packages/run-vcpkg-lib/__tests__/utils.ts:42:76)

  console.log
    info: 'vcpkg' is detected as a submodule.

      at Object.<anonymous> (packages/run-vcpkg-lib/__tests__/mocks.ts:113:21)

  console.log
    info: Is vcpkg repository updated? Yes

      at Object.<anonymous> (packages/run-vcpkg-lib/__tests__/mocks.ts:113:21)

  console.log
    test: endOperation('Check whether vcpkg repository is up to date')

      at Object.testLog (packages/run-vcpkg-lib/__tests__/utils.ts:14:13)

  console.log
    info: ⏱ elapsed: 0.001 seconds

      at Object.<anonymous> (packages/run-vcpkg-lib/__tests__/mocks.ts:113:21)

  console.log
    test: beginOperation('Check whether last vcpkg's build is up to date with sources')

      at Object.testLog (packages/run-vcpkg-lib/__tests__/utils.ts:14:13)

  console.log
    info: Checking last vcpkg build commit id in file '/path/to/vcpkg/vcpkgLastBuiltCommitId' ...

      at Object.<anonymous> (packages/run-vcpkg-lib/__tests__/mocks.ts:113:21)

  console.log
    test: Compare '/path/to/vcpkg/vcpkgLastBuiltCommitId' and '/path/to/vcpkg/vcpkgLastBuiltCommitId': true

      at testLog (packages/run-vcpkg-lib/__tests__/utils.ts:14:13)

  console.log
    test debug: last build check: 1234567890123456789012345678901234567890

      at Object.<anonymous> (packages/run-vcpkg-lib/__tests__/mocks.ts:102:65)

  console.log
    test debug: lastcommitid = 1234567890123456789012345678901234567890, currentcommitid = 1234567890123456789012345678901234567890

      at Object.<anonymous> (packages/run-vcpkg-lib/__tests__/mocks.ts:102:65)

  console.log
    info: vcpkg executable is up to date with sources.

      at Object.<anonymous> (packages/run-vcpkg-lib/__tests__/mocks.ts:113:21)

  console.log
    test: endOperation('Check whether last vcpkg's build is up to date with sources')

      at Object.testLog (packages/run-vcpkg-lib/__tests__/utils.ts:14:13)

  console.log
    info: ⏱ elapsed: 0.002 seconds

      at Object.<anonymous> (packages/run-vcpkg-lib/__tests__/mocks.ts:113:21)

  console.log
    test: beginOperation('Check vcpkg executable exists')

      at Object.testLog (packages/run-vcpkg-lib/__tests__/utils.ts:14:13)

  console.log
    looking up mock answers for "exec", key "chmod +x /path/to/vcpkg/vcpkg"

      at Object.<anonymous>.MockAnswers.defaultLogger (packages/run-vcpkg-lib/__tests__/utils.ts:42:76)

  console.log
    found mock response: {"code":0,"stdout":"chmod output here"}

      at Object.<anonymous>.MockAnswers.defaultLogger (packages/run-vcpkg-lib/__tests__/utils.ts:42:76)

  console.log
    info: vcpkg executable exists at: '/path/to/vcpkg/vcpkg'.

      at Object.<anonymous> (packages/run-vcpkg-lib/__tests__/mocks.ts:113:21)

  console.log
    looking up mock answers for "exec", key "/path/to/vcpkg/vcpkg version"

      at Object.<anonymous>.MockAnswers.defaultLogger (packages/run-vcpkg-lib/__tests__/utils.ts:42:76)

  console.log
    found mock response: {"code":0,"stdout":"this is the \"vcpkg version\" output with exit code=0"}

      at Object.<anonymous>.MockAnswers.defaultLogger (packages/run-vcpkg-lib/__tests__/utils.ts:42:76)

  console.log
    test: endOperation('Check vcpkg executable exists')

      at Object.testLog (packages/run-vcpkg-lib/__tests__/utils.ts:14:13)

  console.log
    info: ⏱ elapsed: 0.001 seconds

      at Object.<anonymous> (packages/run-vcpkg-lib/__tests__/mocks.ts:113:21)

  console.log
    >>> EXECUTING TEST: 'run-vcpkg must build vcpkg (by running bootstrap) when its executable is missing, and it must install successfully the ports.'

      at Object.testWithHeader (packages/run-vcpkg-lib/__tests__/utils.ts:4:13)

  console.log
    test: input 'vcpkgGitURL' not found

      at testLog (packages/run-vcpkg-lib/__tests__/utils.ts:14:13)

  console.log
    test: input 'doRunVcpkg' not found

      at testLog (packages/run-vcpkg-lib/__tests__/utils.ts:14:13)

  console.log
    test: input 'logCollectionRegExps' not found

      at testLog (packages/run-vcpkg-lib/__tests__/utils.ts:14:13)

  console.log
    test debug: vcpkg runner starting...

      at Object.<anonymous> (packages/run-vcpkg-lib/__tests__/mocks.ts:102:65)

  console.log
    >>> EXECUTING TEST: 'run-vcpkg must build (and not run) successfully'

      at Object.testWithHeader (packages/run-vcpkg-lib/__tests__/utils.ts:4:13)

  console.log
    test: beginOperation('Set output env vars')

      at Object.testLog (packages/run-vcpkg-lib/__tests__/utils.ts:14:13)

  console.log
    info: Set the output variable 'RUNVCPKG_VCPKG_ROOT_OUT' to value: /path/to/vcpkg

      at Object.<anonymous> (packages/run-vcpkg-lib/__tests__/mocks.ts:113:21)

  console.log
    test: endOperation('Set output env vars')

      at Object.testLog (packages/run-vcpkg-lib/__tests__/utils.ts:14:13)

  console.log
    info: ⏱ elapsed: 0.001 seconds

      at Object.<anonymous> (packages/run-vcpkg-lib/__tests__/mocks.ts:113:21)

  console.log
    looking up mock answers for "exist", key "/path/to/vcpkg"

      at Object.<anonymous>.MockAnswers.defaultLogger (packages/run-vcpkg-lib/__tests__/utils.ts:42:76)

  console.log
    found mock response: true

      at Object.<anonymous>.MockAnswers.defaultLogger (packages/run-vcpkg-lib/__tests__/utils.ts:42:76)

  console.log
    >>> EXECUTING TEST: 'run-vcpkg must build if vcpkg executable is up to date with sources, but does not work properly on "vcpkg version".'

      at Object.testWithHeader (packages/run-vcpkg-lib/__tests__/utils.ts:4:13)

  console.log
    test: input 'vcpkgGitURL' not found

      at testLog (packages/run-vcpkg-lib/__tests__/utils.ts:14:13)

  console.log
    test: input 'logCollectionRegExps' not found

      at testLog (packages/run-vcpkg-lib/__tests__/utils.ts:14:13)

PASS packages/run-vcpkg-lib/__tests__/run-vcpkg.build-and-not-run.test.ts
  ✓ run-vcpkg must build (and not run) successfully (28 ms)

PASS packages/run-vcpkg-lib/__tests__/run-vcpkg.bootstrap-on-missing-vcpkg.test.ts
  ✓ run-vcpkg must build vcpkg (by running bootstrap) when its executable is missing, and it must install successfully the ports. (74 ms)

PASS packages/run-vcpkg-lib/__tests__/run-vcpkg.bootstrap-on-failing-vcpkg.test.ts
  ✓ run-vcpkg must build if vcpkg executable is up to date with sources, but does not work properly on "vcpkg version". (58 ms)

  console.log
    test debug: vcpkg runner starting...

      at Object.<anonymous> (packages/run-vcpkg-lib/__tests__/mocks.ts:102:65)

  console.log
    test: beginOperation('Set output env vars')

      at Object.testLog (packages/run-vcpkg-lib/__tests__/utils.ts:14:13)

  console.log
    info: Set the output variable 'RUNVCPKG_VCPKG_ROOT_OUT' to value: /path/to/vcpkg

      at Object.<anonymous> (packages/run-vcpkg-lib/__tests__/mocks.ts:113:21)

  console.log
    test: endOperation('Set output env vars')

      at Object.testLog (packages/run-vcpkg-lib/__tests__/utils.ts:14:13)

  console.log
    info: ⏱ elapsed: 0.002 seconds

      at Object.<anonymous> (packages/run-vcpkg-lib/__tests__/mocks.ts:113:21)

  console.log
    looking up mock answers for "exist", key "/path/to/vcpkg"

      at Object.<anonymous>.MockAnswers.defaultLogger (packages/run-vcpkg-lib/__tests__/utils.ts:42:76)

  console.log
    found mock response: true

      at Object.<anonymous>.MockAnswers.defaultLogger (packages/run-vcpkg-lib/__tests__/utils.ts:42:76)

  console.log
    test debug: getCommitId()<<

      at Object.<anonymous> (packages/run-vcpkg-lib/__tests__/mocks.ts:102:65)

  console.log
    looking up mock answers for "which", key "git"

      at Object.<anonymous>.MockAnswers.defaultLogger (packages/run-vcpkg-lib/__tests__/utils.ts:42:76)

  console.log
    found mock response: "/usr/local/bin/git"

      at Object.<anonymous>.MockAnswers.defaultLogger (packages/run-vcpkg-lib/__tests__/utils.ts:42:76)

  console.log
    info: Fetching the Git commit id at '/path/to/vcpkg' ...

      at Object.<anonymous> (packages/run-vcpkg-lib/__tests__/mocks.ts:113:21)

  console.log
    looking up mock answers for "exec", key "/usr/local/bin/git rev-parse HEAD"

      at Object.<anonymous>.MockAnswers.defaultLogger (packages/run-vcpkg-lib/__tests__/utils.ts:42:76)

  console.log
    found mock response: {"code":0,"stdout":"mygitref"}

      at Object.<anonymous>.MockAnswers.defaultLogger (packages/run-vcpkg-lib/__tests__/utils.ts:42:76)

  console.log
    { code: 0, stdout: 'mygitref' }

      at ActionToolRunner.<anonymous> (packages/run-vcpkg-lib/__tests__/mocks.ts:173:13)

  console.log
    {"code":0,"stdout":"mygitref"}

      at ActionToolRunner.<anonymous> (packages/run-vcpkg-lib/__tests__/mocks.ts:174:13)

  console.log
    test debug: git rev-parse: code=0, stdout=mygitref, stderr=

      at Object.<anonymous> (packages/run-vcpkg-lib/__tests__/mocks.ts:102:65)

  console.log
    test debug: getCommitId()>> -> mygitref

      at Object.<anonymous> (packages/run-vcpkg-lib/__tests__/mocks.ts:102:65)

  console.log
    test: beginOperation('Check whether vcpkg repository is up to date')

      at Object.testLog (packages/run-vcpkg-lib/__tests__/utils.ts:14:13)

  console.log
    info: Checking whether vcpkg's repository is updated to commit id 'mygitref' ...

      at Object.<anonymous> (packages/run-vcpkg-lib/__tests__/mocks.ts:113:21)

  console.log
    looking up mock answers for "which", key "git"

      at Object.<anonymous>.MockAnswers.defaultLogger (packages/run-vcpkg-lib/__tests__/utils.ts:42:76)

  console.log
    found mock response: "/usr/local/bin/git"

      at Object.<anonymous>.MockAnswers.defaultLogger (packages/run-vcpkg-lib/__tests__/utils.ts:42:76)

  console.log
    test debug: exist('/path/to/vcpkg') === true

      at Object.<anonymous> (packages/run-vcpkg-lib/__tests__/mocks.ts:102:65)

  console.log
    info: Current commit id of vcpkg: 'mygitref'.

      at Object.<anonymous> (packages/run-vcpkg-lib/__tests__/mocks.ts:113:21)

  console.log
    info: Is vcpkg repository updated? No

      at Object.<anonymous> (packages/run-vcpkg-lib/__tests__/mocks.ts:113:21)

  console.log
    test: endOperation('Check whether vcpkg repository is up to date')

      at Object.testLog (packages/run-vcpkg-lib/__tests__/utils.ts:14:13)

  console.log
    info: ⏱ elapsed: 0.002 seconds

      at Object.<anonymous> (packages/run-vcpkg-lib/__tests__/mocks.ts:113:21)

  console.log
    test: beginOperation('Download vcpkg source code repository')

      at Object.testLog (packages/run-vcpkg-lib/__tests__/utils.ts:14:13)

  console.log
    info: Cloning vcpkg in '/path/to/vcpkg'...

      at Object.<anonymous> (packages/run-vcpkg-lib/__tests__/mocks.ts:113:21)

  console.log
    looking up mock answers for "which", key "git"

      at Object.<anonymous>.MockAnswers.defaultLogger (packages/run-vcpkg-lib/__tests__/utils.ts:42:76)

  console.log
    found mock response: "/usr/local/bin/git"

      at Object.<anonymous>.MockAnswers.defaultLogger (packages/run-vcpkg-lib/__tests__/utils.ts:42:76)

  console.log
    test: rmRf(/path/to/vcpkg)

      at Object.testLog (packages/run-vcpkg-lib/__tests__/utils.ts:14:13)

  console.log
    test: mkdirP(/path/to/vcpkg)

      at Object.testLog (packages/run-vcpkg-lib/__tests__/utils.ts:14:13)

  console.log
    test: cd(/path/to/vcpkg)

      at Object.testLog (packages/run-vcpkg-lib/__tests__/utils.ts:14:13)

  console.log
    test debug: getCommitId()<<

      at Object.<anonymous> (packages/run-vcpkg-lib/__tests__/mocks.ts:102:65)

  console.log
    looking up mock answers for "which", key "git"

      at Object.<anonymous>.MockAnswers.defaultLogger (packages/run-vcpkg-lib/__tests__/utils.ts:42:76)

  console.log
    found mock response: "/usr/local/bin/git"

      at Object.<anonymous>.MockAnswers.defaultLogger (packages/run-vcpkg-lib/__tests__/utils.ts:42:76)

  console.log
    info: Fetching the Git commit id at '/path/to/vcpkg' ...

      at Object.<anonymous> (packages/run-vcpkg-lib/__tests__/mocks.ts:113:21)

  console.log
    looking up mock answers for "exec", key "/usr/local/bin/git rev-parse HEAD"

      at Object.<anonymous>.MockAnswers.defaultLogger (packages/run-vcpkg-lib/__tests__/utils.ts:42:76)

  console.log
    found mock response: {"code":0,"stdout":"1234567890123456789012345678901234567890"}

      at Object.<anonymous>.MockAnswers.defaultLogger (packages/run-vcpkg-lib/__tests__/utils.ts:42:76)

  console.log
    { code: 0, stdout: '1234567890123456789012345678901234567890' }

      at ActionToolRunner.<anonymous> (packages/run-vcpkg-lib/__tests__/mocks.ts:173:13)

  console.log
    {"code":0,"stdout":"1234567890123456789012345678901234567890"}

      at ActionToolRunner.<anonymous> (packages/run-vcpkg-lib/__tests__/mocks.ts:174:13)

  console.log
    test debug: git rev-parse: code=0, stdout=1234567890123456789012345678901234567890, stderr=

      at Object.<anonymous> (packages/run-vcpkg-lib/__tests__/mocks.ts:102:65)

  console.log
    looking up mock answers for "exec", key "/usr/local/bin/git clone https://github.com/microsoft/vcpkg.git -n ."

      at Object.<anonymous>.MockAnswers.defaultLogger (packages/run-vcpkg-lib/__tests__/utils.ts:42:76)

  console.log
    found mock response: {"code":0,"stdout":"this is git clone ... output"}

      at Object.<anonymous>.MockAnswers.defaultLogger (packages/run-vcpkg-lib/__tests__/utils.ts:42:76)

  console.log
    { code: 0, stdout: 'this is git clone ... output' }

      at ActionToolRunner.<anonymous> (packages/run-vcpkg-lib/__tests__/mocks.ts:182:13)

  console.log
    looking up mock answers for "exec", key "/usr/local/bin/git checkout --force 1ee7567890123456789012345678901234567890"

      at Object.<anonymous>.MockAnswers.defaultLogger (packages/run-vcpkg-lib/__tests__/utils.ts:42:76)

  console.log
    found mock response: {"code":0,"stdout":"this is git checkout 1ee7567890123456789012345678901234567890 output"}

      at Object.<anonymous>.MockAnswers.defaultLogger (packages/run-vcpkg-lib/__tests__/utils.ts:42:76)

  console.log
    {
      code: 0,
      stdout: 'this is git checkout 1ee7567890123456789012345678901234567890 output'
    }

      at ActionToolRunner.<anonymous> (packages/run-vcpkg-lib/__tests__/mocks.ts:182:13)

  console.log
    info: Clone vcpkg in '/path/to/vcpkg'.

      at Object.<anonymous> (packages/run-vcpkg-lib/__tests__/mocks.ts:113:21)

  console.log
    test: endOperation('Download vcpkg source code repository')

      at Object.testLog (packages/run-vcpkg-lib/__tests__/utils.ts:14:13)

  console.log
    info: ⏱ elapsed: 0.003 seconds

      at Object.<anonymous> (packages/run-vcpkg-lib/__tests__/mocks.ts:113:21)

  console.log
    test: beginOperation('Build vcpkg executable')

      at Object.testLog (packages/run-vcpkg-lib/__tests__/utils.ts:14:13)

  console.log
    looking up mock answers for "which", key "sh"

      at Object.<anonymous>.MockAnswers.defaultLogger (packages/run-vcpkg-lib/__tests__/utils.ts:42:76)

  console.log
    found mock response: "/bin/bash"

      at Object.<anonymous>.MockAnswers.defaultLogger (packages/run-vcpkg-lib/__tests__/utils.ts:42:76)

  console.log
    looking up mock answers for "exec", key "chmod +x /path/to/vcpkg/bootstrap-vcpkg.sh"

      at Object.<anonymous>.MockAnswers.defaultLogger (packages/run-vcpkg-lib/__tests__/utils.ts:42:76)

  console.log
    found mock response: {"code":0,"stdout":"this is the output of chmod +x bootstrap"}

      at Object.<anonymous>.MockAnswers.defaultLogger (packages/run-vcpkg-lib/__tests__/utils.ts:42:76)

  console.log
    looking up mock answers for "exec", key "/bin/bash -c /path/to/vcpkg/bootstrap-vcpkg.sh"

      at Object.<anonymous>.MockAnswers.defaultLogger (packages/run-vcpkg-lib/__tests__/utils.ts:42:76)

  console.log
    found mock response: {"code":0,"stdout":"this is the output of bootstrap-vcpkg"}

      at Object.<anonymous>.MockAnswers.defaultLogger (packages/run-vcpkg-lib/__tests__/utils.ts:42:76)

  console.log
    { code: 0, stdout: 'this is the output of bootstrap-vcpkg' }

      at ActionToolRunner.<anonymous> (packages/run-vcpkg-lib/__tests__/mocks.ts:182:13)

  console.log
    test: input 'vcpkgGitURL' not found

      at testLog (packages/run-vcpkg-lib/__tests__/utils.ts:14:13)

  console.log
    test: input 'doRunVcpkg' not found

      at testLog (packages/run-vcpkg-lib/__tests__/utils.ts:14:13)

  console.log
    test: input 'logCollectionRegExps' not found

      at testLog (packages/run-vcpkg-lib/__tests__/utils.ts:14:13)

  console.log
    test debug: getCommitId()>> -> 1234567890123456789012345678901234567890

      at Object.<anonymous> (packages/run-vcpkg-lib/__tests__/mocks.ts:102:65)

  console.log
    test debug: getCommitId()<<

      at Object.<anonymous> (packages/run-vcpkg-lib/__tests__/mocks.ts:102:65)

  console.log
    looking up mock answers for "which", key "git"

      at Object.<anonymous>.MockAnswers.defaultLogger (packages/run-vcpkg-lib/__tests__/utils.ts:42:76)

  console.log
    test debug: vcpkg runner starting...

      at Object.<anonymous> (packages/run-vcpkg-lib/__tests__/mocks.ts:102:65)

  console.log
    found mock response: "/usr/local/bin/git"

      at Object.<anonymous>.MockAnswers.defaultLogger (packages/run-vcpkg-lib/__tests__/utils.ts:42:76)

  console.log
    test: beginOperation('Check whether vcpkg repository is up to date')

      at Object.testLog (packages/run-vcpkg-lib/__tests__/utils.ts:14:13)

  console.log
    info: Fetching the Git commit id at '/path/to/vcpkg' ...

      at Object.<anonymous> (packages/run-vcpkg-lib/__tests__/mocks.ts:113:21)

  console.log
    info: Checking whether vcpkg's repository is updated to commit id '1234567890123456789012345678901234567890' ...

      at Object.<anonymous> (packages/run-vcpkg-lib/__tests__/mocks.ts:113:21)

  console.log
    looking up mock answers for "exec", key "/usr/local/bin/git rev-parse HEAD"

      at Object.<anonymous>.MockAnswers.defaultLogger (packages/run-vcpkg-lib/__tests__/utils.ts:42:76)

  console.log
    looking up mock answers for "which", key "git"

      at Object.<anonymous>.MockAnswers.defaultLogger (packages/run-vcpkg-lib/__tests__/utils.ts:42:76)

  console.log
    found mock response: "/usr/local/bin/git"

      at Object.<anonymous>.MockAnswers.defaultLogger (packages/run-vcpkg-lib/__tests__/utils.ts:42:76)

  console.log
    found mock response: {"code":0,"stdout":"mygitref"}

      at Object.<anonymous>.MockAnswers.defaultLogger (packages/run-vcpkg-lib/__tests__/utils.ts:42:76)

  console.log
    { code: 0, stdout: 'mygitref' }

      at ActionToolRunner.<anonymous> (packages/run-vcpkg-lib/__tests__/mocks.ts:173:13)

  console.log
    {"code":0,"stdout":"mygitref"}

      at ActionToolRunner.<anonymous> (packages/run-vcpkg-lib/__tests__/mocks.ts:174:13)

  console.log
    test debug: git rev-parse: code=0, stdout=mygitref, stderr=

      at Object.<anonymous> (packages/run-vcpkg-lib/__tests__/mocks.ts:102:65)

  console.log
    test debug: getCommitId()>> -> mygitref

      at Object.<anonymous> (packages/run-vcpkg-lib/__tests__/mocks.ts:102:65)

  console.log
    test debug: exist('/path/to/vcpkg') === true

      at Object.<anonymous> (packages/run-vcpkg-lib/__tests__/mocks.ts:102:65)

  console.log
    info: Current commit id of vcpkg: '1234567890123456789012345678901234567890'.

      at Object.<anonymous> (packages/run-vcpkg-lib/__tests__/mocks.ts:113:21)

  console.log
    info: Repository is up to date to requested commit id '1234567890123456789012345678901234567890'

      at Object.<anonymous> (packages/run-vcpkg-lib/__tests__/mocks.ts:113:21)

  console.log
    test debug: Writing to file '/path/to/vcpkg/vcpkgLastBuiltCommitId' content 'mygitref'.

      at Object.<anonymous> (packages/run-vcpkg-lib/__tests__/mocks.ts:102:65)

  console.log
    info: Is vcpkg repository updated? Yes

      at Object.<anonymous> (packages/run-vcpkg-lib/__tests__/mocks.ts:113:21)

  console.log
    test: writeFile('/path/to/vcpkg/vcpkgLastBuiltCommitId','mygitref')

      at Object.testLog (packages/run-vcpkg-lib/__tests__/utils.ts:14:13)

  console.log
    info: Stored last built vcpkg commit id 'mygitref' in file '/path/to/vcpkg/vcpkgLastBuiltCommitId

      at Object.<anonymous> (packages/run-vcpkg-lib/__tests__/mocks.ts:113:21)

  console.log
    test: endOperation('Build vcpkg executable')

      at Object.testLog (packages/run-vcpkg-lib/__tests__/utils.ts:14:13)

  console.log
    info: ⏱ elapsed: 0.005 seconds

      at Object.<anonymous> (packages/run-vcpkg-lib/__tests__/mocks.ts:113:21)

  console.log
    test: endOperation('Check whether vcpkg repository is up to date')

      at Object.testLog (packages/run-vcpkg-lib/__tests__/utils.ts:14:13)

  console.log
    info: ⏱ elapsed: 0.002 seconds

      at Object.<anonymous> (packages/run-vcpkg-lib/__tests__/mocks.ts:113:21)

  console.log
    test: beginOperation('Check whether last vcpkg's build is up to date with sources')

      at Object.testLog (packages/run-vcpkg-lib/__tests__/utils.ts:14:13)

  console.log
    info: Checking last vcpkg build commit id in file '/path/to/vcpkg/vcpkgLastBuiltCommitId' ...

      at Object.<anonymous> (packages/run-vcpkg-lib/__tests__/mocks.ts:113:21)

  console.log
    test: Compare '/path/to/vcpkg/vcpkgLastBuiltCommitId' and '/path/to/vcpkg/vcpkgLastBuiltCommitId': true

      at testLog (packages/run-vcpkg-lib/__tests__/utils.ts:14:13)

  console.log
    test debug: last build check: 1234567890123456789012345678901234567890

      at Object.<anonymous> (packages/run-vcpkg-lib/__tests__/mocks.ts:102:65)

  console.log
    test debug: lastcommitid = 1234567890123456789012345678901234567890, currentcommitid = 1234567890123456789012345678901234567890

      at Object.<anonymous> (packages/run-vcpkg-lib/__tests__/mocks.ts:102:65)

  console.log
    test: beginOperation('Set output env vars')

      at Object.testLog (packages/run-vcpkg-lib/__tests__/utils.ts:14:13)

  console.log
    info: Set the output variable 'RUNVCPKG_VCPKG_ROOT_OUT' to value: /path/to/vcpkg

      at Object.<anonymous> (packages/run-vcpkg-lib/__tests__/mocks.ts:113:21)

  console.log
    test: endOperation('Set output env vars')

      at Object.testLog (packages/run-vcpkg-lib/__tests__/utils.ts:14:13)

  console.log
    info: ⏱ elapsed: 0.001 seconds

      at Object.<anonymous> (packages/run-vcpkg-lib/__tests__/mocks.ts:113:21)

  console.log
    looking up mock answers for "exist", key "/path/to/vcpkg"

      at Object.<anonymous>.MockAnswers.defaultLogger (packages/run-vcpkg-lib/__tests__/utils.ts:42:76)

  console.log
    found mock response: true

      at Object.<anonymous>.MockAnswers.defaultLogger (packages/run-vcpkg-lib/__tests__/utils.ts:42:76)

  console.log
    test debug: getCommitId()<<

      at Object.<anonymous> (packages/run-vcpkg-lib/__tests__/mocks.ts:102:65)

  console.log
    looking up mock answers for "which", key "git"

      at Object.<anonymous>.MockAnswers.defaultLogger (packages/run-vcpkg-lib/__tests__/utils.ts:42:76)

  console.log
    found mock response: "/usr/local/bin/git"

      at Object.<anonymous>.MockAnswers.defaultLogger (packages/run-vcpkg-lib/__tests__/utils.ts:42:76)

  console.log
    info: Fetching the Git commit id at '/path/to/vcpkg' ...

      at Object.<anonymous> (packages/run-vcpkg-lib/__tests__/mocks.ts:113:21)

  console.log
    looking up mock answers for "exec", key "/usr/local/bin/git rev-parse HEAD"

      at Object.<anonymous>.MockAnswers.defaultLogger (packages/run-vcpkg-lib/__tests__/utils.ts:42:76)

  console.log
    found mock response: {"code":0,"stdout":"1234567890123456789012345678901234567890"}

      at Object.<anonymous>.MockAnswers.defaultLogger (packages/run-vcpkg-lib/__tests__/utils.ts:42:76)

  console.log
    { code: 0, stdout: '1234567890123456789012345678901234567890' }

      at ActionToolRunner.<anonymous> (packages/run-vcpkg-lib/__tests__/mocks.ts:173:13)

  console.log
    {"code":0,"stdout":"1234567890123456789012345678901234567890"}

      at ActionToolRunner.<anonymous> (packages/run-vcpkg-lib/__tests__/mocks.ts:174:13)

  console.log
    test debug: git rev-parse: code=0, stdout=1234567890123456789012345678901234567890, stderr=

      at Object.<anonymous> (packages/run-vcpkg-lib/__tests__/mocks.ts:102:65)

  console.log
    test debug: getCommitId()>> -> 1234567890123456789012345678901234567890

      at Object.<anonymous> (packages/run-vcpkg-lib/__tests__/mocks.ts:102:65)

  console.log
    test: beginOperation('Check whether vcpkg repository is up to date')

      at Object.testLog (packages/run-vcpkg-lib/__tests__/utils.ts:14:13)

  console.log
    info: Checking whether vcpkg's repository is updated to commit id '1234567890123456789012345678901234567890' ...

      at Object.<anonymous> (packages/run-vcpkg-lib/__tests__/mocks.ts:113:21)

  console.log
    looking up mock answers for "which", key "git"

      at Object.<anonymous>.MockAnswers.defaultLogger (packages/run-vcpkg-lib/__tests__/utils.ts:42:76)

  console.log
    found mock response: "/usr/local/bin/git"

      at Object.<anonymous>.MockAnswers.defaultLogger (packages/run-vcpkg-lib/__tests__/utils.ts:42:76)

  console.log
    test debug: exist('/path/to/vcpkg') === true

      at Object.<anonymous> (packages/run-vcpkg-lib/__tests__/mocks.ts:102:65)

  console.log
    info: Current commit id of vcpkg: '1234567890123456789012345678901234567890'.

      at Object.<anonymous> (packages/run-vcpkg-lib/__tests__/mocks.ts:113:21)

  console.log
    info: vcpkg executable is up to date with sources.

      at Object.<anonymous> (packages/run-vcpkg-lib/__tests__/mocks.ts:113:21)

  console.log
    info: Repository is up to date to requested commit id '1234567890123456789012345678901234567890'

      at Object.<anonymous> (packages/run-vcpkg-lib/__tests__/mocks.ts:113:21)

  console.log
    info: Is vcpkg repository updated? Yes

      at Object.<anonymous> (packages/run-vcpkg-lib/__tests__/mocks.ts:113:21)

  console.log
    test: endOperation('Check whether last vcpkg's build is up to date with sources')

      at Object.testLog (packages/run-vcpkg-lib/__tests__/utils.ts:14:13)

  console.log
    info: ⏱ elapsed: 0.011 seconds

      at Object.<anonymous> (packages/run-vcpkg-lib/__tests__/mocks.ts:113:21)

  console.log
    test: beginOperation('Check vcpkg executable exists')

      at Object.testLog (packages/run-vcpkg-lib/__tests__/utils.ts:14:13)

  console.log
    test: endOperation('Check whether vcpkg repository is up to date')

      at Object.testLog (packages/run-vcpkg-lib/__tests__/utils.ts:14:13)

  console.log
    info: ⏱ elapsed: 0.002 seconds

      at Object.<anonymous> (packages/run-vcpkg-lib/__tests__/mocks.ts:113:21)

  console.log
    test: beginOperation('Check whether last vcpkg's build is up to date with sources')

      at Object.testLog (packages/run-vcpkg-lib/__tests__/utils.ts:14:13)

  console.log
    info: Checking last vcpkg build commit id in file '/path/to/vcpkg/vcpkgLastBuiltCommitId' ...

      at Object.<anonymous> (packages/run-vcpkg-lib/__tests__/mocks.ts:113:21)

  console.log
    test: Compare '/path/to/vcpkg/vcpkgLastBuiltCommitId' and '/path/to/vcpkg/vcpkgLastBuiltCommitId': true

      at testLog (packages/run-vcpkg-lib/__tests__/utils.ts:14:13)

  console.log
    info: Building vcpkg is necessary as executable is missing.

      at Object.<anonymous> (packages/run-vcpkg-lib/__tests__/mocks.ts:113:21)

  console.log
    test: endOperation('Check vcpkg executable exists')

      at Object.testLog (packages/run-vcpkg-lib/__tests__/utils.ts:14:13)

  console.log
    info: ⏱ elapsed: 0.001 seconds

      at Object.<anonymous> (packages/run-vcpkg-lib/__tests__/mocks.ts:113:21)

  console.log
    test: beginOperation('Build vcpkg executable')

      at Object.testLog (packages/run-vcpkg-lib/__tests__/utils.ts:14:13)

  console.log
    looking up mock answers for "which", key "sh"

      at Object.<anonymous>.MockAnswers.defaultLogger (packages/run-vcpkg-lib/__tests__/utils.ts:42:76)

  console.log
    test debug: last build check: 1234567890123456789012345678901234567890

      at Object.<anonymous> (packages/run-vcpkg-lib/__tests__/mocks.ts:102:65)

  console.log
    test debug: lastcommitid = 1234567890123456789012345678901234567890, currentcommitid = 1234567890123456789012345678901234567890

      at Object.<anonymous> (packages/run-vcpkg-lib/__tests__/mocks.ts:102:65)

  console.log
    info: vcpkg executable is up to date with sources.

      at Object.<anonymous> (packages/run-vcpkg-lib/__tests__/mocks.ts:113:21)

  console.log
    test: endOperation('Check whether last vcpkg's build is up to date with sources')

      at Object.testLog (packages/run-vcpkg-lib/__tests__/utils.ts:14:13)

  console.log
    info: ⏱ elapsed: 0.003 seconds

      at Object.<anonymous> (packages/run-vcpkg-lib/__tests__/mocks.ts:113:21)

  console.log
    found mock response: "/bin/bash"

      at Object.<anonymous>.MockAnswers.defaultLogger (packages/run-vcpkg-lib/__tests__/utils.ts:42:76)

  console.log
    test: beginOperation('Check vcpkg executable exists')

      at Object.testLog (packages/run-vcpkg-lib/__tests__/utils.ts:14:13)

  console.log
    looking up mock answers for "exec", key "chmod +x /path/to/vcpkg/bootstrap-vcpkg.sh"

      at Object.<anonymous>.MockAnswers.defaultLogger (packages/run-vcpkg-lib/__tests__/utils.ts:42:76)

  console.log
    found mock response: {"code":0,"stdout":"this is the output of chmod +x bootstrap"}

      at Object.<anonymous>.MockAnswers.defaultLogger (packages/run-vcpkg-lib/__tests__/utils.ts:42:76)

  console.log
    looking up mock answers for "exec", key "chmod +x /path/to/vcpkg/vcpkg"

      at Object.<anonymous>.MockAnswers.defaultLogger (packages/run-vcpkg-lib/__tests__/utils.ts:42:76)

  console.log
    found mock response: {"code":0,"stdout":"chmod output here"}

      at Object.<anonymous>.MockAnswers.defaultLogger (packages/run-vcpkg-lib/__tests__/utils.ts:42:76)

  console.log
    looking up mock answers for "exec", key "/bin/bash -c /path/to/vcpkg/bootstrap-vcpkg.sh"

      at Object.<anonymous>.MockAnswers.defaultLogger (packages/run-vcpkg-lib/__tests__/utils.ts:42:76)

  console.log
    found mock response: {"code":0,"stdout":"this is the output of bootstrap-vcpkg"}

      at Object.<anonymous>.MockAnswers.defaultLogger (packages/run-vcpkg-lib/__tests__/utils.ts:42:76)

  console.log
    info: vcpkg executable exists at: '/path/to/vcpkg/vcpkg'.

      at Object.<anonymous> (packages/run-vcpkg-lib/__tests__/mocks.ts:113:21)

  console.log
    looking up mock answers for "exec", key "/path/to/vcpkg/vcpkg version"

      at Object.<anonymous>.MockAnswers.defaultLogger (packages/run-vcpkg-lib/__tests__/utils.ts:42:76)

  console.log
    { code: 0, stdout: 'this is the output of bootstrap-vcpkg' }

      at ActionToolRunner.<anonymous> (packages/run-vcpkg-lib/__tests__/mocks.ts:182:13)

  console.log
    found mock response: {"code":1,"stdout":"this is the \"vcpkg version\" output with exit code=1"}

      at Object.<anonymous>.MockAnswers.defaultLogger (packages/run-vcpkg-lib/__tests__/utils.ts:42:76)

  console.log
    info: vcpkg executable returned code 1, forcing a rebuild.

      at Object.<anonymous> (packages/run-vcpkg-lib/__tests__/mocks.ts:113:21)

  console.log
    test debug: getCommitId()<<

      at Object.<anonymous> (packages/run-vcpkg-lib/__tests__/mocks.ts:102:65)

  console.log
    looking up mock answers for "which", key "git"

      at Object.<anonymous>.MockAnswers.defaultLogger (packages/run-vcpkg-lib/__tests__/utils.ts:42:76)

  console.log
    found mock response: "/usr/local/bin/git"

      at Object.<anonymous>.MockAnswers.defaultLogger (packages/run-vcpkg-lib/__tests__/utils.ts:42:76)

  console.log
    info: Fetching the Git commit id at '/path/to/vcpkg' ...

      at Object.<anonymous> (packages/run-vcpkg-lib/__tests__/mocks.ts:113:21)

  console.log
    looking up mock answers for "exec", key "/usr/local/bin/git rev-parse HEAD"

      at Object.<anonymous>.MockAnswers.defaultLogger (packages/run-vcpkg-lib/__tests__/utils.ts:42:76)

  console.log
    found mock response: {"code":0,"stdout":"1234567890123456789012345678901234567890"}

      at Object.<anonymous>.MockAnswers.defaultLogger (packages/run-vcpkg-lib/__tests__/utils.ts:42:76)

  console.log
    { code: 0, stdout: '1234567890123456789012345678901234567890' }

      at ActionToolRunner.<anonymous> (packages/run-vcpkg-lib/__tests__/mocks.ts:173:13)

  console.log
    {"code":0,"stdout":"1234567890123456789012345678901234567890"}

      at ActionToolRunner.<anonymous> (packages/run-vcpkg-lib/__tests__/mocks.ts:174:13)

  console.log
    test debug: git rev-parse: code=0, stdout=1234567890123456789012345678901234567890, stderr=

      at Object.<anonymous> (packages/run-vcpkg-lib/__tests__/mocks.ts:102:65)

  console.log
    test debug: getCommitId()>> -> 1234567890123456789012345678901234567890

      at Object.<anonymous> (packages/run-vcpkg-lib/__tests__/mocks.ts:102:65)

  console.log
    test: endOperation('Check vcpkg executable exists')

      at Object.testLog (packages/run-vcpkg-lib/__tests__/utils.ts:14:13)

  console.log
    test debug: Writing to file '/path/to/vcpkg/vcpkgLastBuiltCommitId' content '1234567890123456789012345678901234567890'.

      at Object.<anonymous> (packages/run-vcpkg-lib/__tests__/mocks.ts:102:65)

  console.log
    test: writeFile('/path/to/vcpkg/vcpkgLastBuiltCommitId','1234567890123456789012345678901234567890')

      at Object.testLog (packages/run-vcpkg-lib/__tests__/utils.ts:14:13)

  console.log
    info: Stored last built vcpkg commit id '1234567890123456789012345678901234567890' in file '/path/to/vcpkg/vcpkgLastBuiltCommitId

      at Object.<anonymous> (packages/run-vcpkg-lib/__tests__/mocks.ts:113:21)

  console.log
    test: endOperation('Build vcpkg executable')

      at Object.testLog (packages/run-vcpkg-lib/__tests__/utils.ts:14:13)

  console.log
    info: ⏱ elapsed: 0.007 seconds

      at Object.<anonymous> (packages/run-vcpkg-lib/__tests__/mocks.ts:113:21)

  console.log
    info: ⏱ elapsed: 0.003 seconds

      at Object.<anonymous> (packages/run-vcpkg-lib/__tests__/mocks.ts:113:21)

  console.log
    test: beginOperation('Build vcpkg executable')

      at Object.testLog (packages/run-vcpkg-lib/__tests__/utils.ts:14:13)

  console.log
    looking up mock answers for "which", key "sh"

      at Object.<anonymous>.MockAnswers.defaultLogger (packages/run-vcpkg-lib/__tests__/utils.ts:42:76)

  console.log
    found mock response: "/bin/bash"

      at Object.<anonymous>.MockAnswers.defaultLogger (packages/run-vcpkg-lib/__tests__/utils.ts:42:76)

  console.log
    looking up mock answers for "exec", key "chmod +x /path/to/vcpkg/bootstrap-vcpkg.sh"

      at Object.<anonymous>.MockAnswers.defaultLogger (packages/run-vcpkg-lib/__tests__/utils.ts:42:76)

  console.log
    found mock response: {"code":0,"stdout":"this is the output of chmod +x bootstrap"}

      at Object.<anonymous>.MockAnswers.defaultLogger (packages/run-vcpkg-lib/__tests__/utils.ts:42:76)

  console.log
    looking up mock answers for "exec", key "/bin/bash -c /path/to/vcpkg/bootstrap-vcpkg.sh"

      at Object.<anonymous>.MockAnswers.defaultLogger (packages/run-vcpkg-lib/__tests__/utils.ts:42:76)

  console.log
    found mock response: {"code":0,"stdout":"this is the output of bootstrap-vcpkg"}

      at Object.<anonymous>.MockAnswers.defaultLogger (packages/run-vcpkg-lib/__tests__/utils.ts:42:76)

  console.log
    { code: 0, stdout: 'this is the output of bootstrap-vcpkg' }

      at ActionToolRunner.<anonymous> (packages/run-vcpkg-lib/__tests__/mocks.ts:182:13)

  console.log
    test debug: getCommitId()<<

      at Object.<anonymous> (packages/run-vcpkg-lib/__tests__/mocks.ts:102:65)

  console.log
    looking up mock answers for "which", key "git"

      at Object.<anonymous>.MockAnswers.defaultLogger (packages/run-vcpkg-lib/__tests__/utils.ts:42:76)

  console.log
    found mock response: "/usr/local/bin/git"

      at Object.<anonymous>.MockAnswers.defaultLogger (packages/run-vcpkg-lib/__tests__/utils.ts:42:76)

  console.log
    info: Fetching the Git commit id at '/path/to/vcpkg' ...

      at Object.<anonymous> (packages/run-vcpkg-lib/__tests__/mocks.ts:113:21)

  console.log
    looking up mock answers for "exec", key "/usr/local/bin/git rev-parse HEAD"

      at Object.<anonymous>.MockAnswers.defaultLogger (packages/run-vcpkg-lib/__tests__/utils.ts:42:76)

  console.log
    found mock response: {"code":0,"stdout":"1234567890123456789012345678901234567890"}

      at Object.<anonymous>.MockAnswers.defaultLogger (packages/run-vcpkg-lib/__tests__/utils.ts:42:76)

  console.log
    { code: 0, stdout: '1234567890123456789012345678901234567890' }

      at ActionToolRunner.<anonymous> (packages/run-vcpkg-lib/__tests__/mocks.ts:173:13)

  console.log
    {"code":0,"stdout":"1234567890123456789012345678901234567890"}

      at ActionToolRunner.<anonymous> (packages/run-vcpkg-lib/__tests__/mocks.ts:174:13)

  console.log
    test debug: git rev-parse: code=0, stdout=1234567890123456789012345678901234567890, stderr=

      at Object.<anonymous> (packages/run-vcpkg-lib/__tests__/mocks.ts:102:65)

  console.log
    test debug: getCommitId()>> -> 1234567890123456789012345678901234567890

      at Object.<anonymous> (packages/run-vcpkg-lib/__tests__/mocks.ts:102:65)

  console.log
    test debug: Writing to file '/path/to/vcpkg/vcpkgLastBuiltCommitId' content '1234567890123456789012345678901234567890'.

      at Object.<anonymous> (packages/run-vcpkg-lib/__tests__/mocks.ts:102:65)

  console.log
    test: writeFile('/path/to/vcpkg/vcpkgLastBuiltCommitId','1234567890123456789012345678901234567890')

      at Object.testLog (packages/run-vcpkg-lib/__tests__/utils.ts:14:13)

  console.log
    info: Stored last built vcpkg commit id '1234567890123456789012345678901234567890' in file '/path/to/vcpkg/vcpkgLastBuiltCommitId

      at Object.<anonymous> (packages/run-vcpkg-lib/__tests__/mocks.ts:113:21)

  console.log
    test: endOperation('Build vcpkg executable')

      at Object.testLog (packages/run-vcpkg-lib/__tests__/utils.ts:14:13)

  console.log
    info: ⏱ elapsed: 0.006 seconds

      at Object.<anonymous> (packages/run-vcpkg-lib/__tests__/mocks.ts:113:21)

  console.log
    >>> EXECUTING TEST: 'run-vcpkg must build (by running bootstrap) when the version of the repository is different than the last built binary.'

      at Object.testWithHeader (packages/run-vcpkg-lib/__tests__/utils.ts:4:13)

  console.log
    test: input 'vcpkgGitURL' not found

      at testLog (packages/run-vcpkg-lib/__tests__/utils.ts:14:13)

  console.log
    test: input 'vcpkgGitCommitId' not found

      at testLog (packages/run-vcpkg-lib/__tests__/utils.ts:14:13)

  console.log
    test: input 'doRunVcpkg' not found

      at testLog (packages/run-vcpkg-lib/__tests__/utils.ts:14:13)

  console.log
    test: input 'logCollectionRegExps' not found

      at testLog (packages/run-vcpkg-lib/__tests__/utils.ts:14:13)

  console.log
    test debug: vcpkg runner starting...

      at Object.<anonymous> (packages/run-vcpkg-lib/__tests__/mocks.ts:102:65)

PASS packages/run-vcpkg-lib/__tests__/run-vcpkg.bootstrap-on-version.test.ts
  ✓ run-vcpkg must build (by running bootstrap) when the version of the repository is different than the last built binary. (102 ms)

PASS packages/run-vcpkg-lib/__tests__/run-vcpkg.submodule.test.ts
  ✓ run-vcpkg with vcpkg as submodule must build successfully (31 ms)

  console.log
    >>> EXECUTING TEST: 'run-vcpkg with vcpkg as submodule must build successfully'

      at Object.testWithHeader (packages/run-vcpkg-lib/__tests__/utils.ts:4:13)

  console.log
    test: beginOperation('Set output env vars')

      at Object.testLog (packages/run-vcpkg-lib/__tests__/utils.ts:14:13)

  console.log
    info: Set the output variable 'RUNVCPKG_VCPKG_ROOT_OUT' to value: /path/to/vcpkg

      at Object.<anonymous> (packages/run-vcpkg-lib/__tests__/mocks.ts:113:21)

  console.log
    test: endOperation('Set output env vars')

      at Object.testLog (packages/run-vcpkg-lib/__tests__/utils.ts:14:13)

  console.log
    info: ⏱ elapsed: 0.001 seconds

      at Object.<anonymous> (packages/run-vcpkg-lib/__tests__/mocks.ts:113:21)

  console.log
    looking up mock answers for "exist", key "/path/to/vcpkg"

      at Object.<anonymous>.MockAnswers.defaultLogger (packages/run-vcpkg-lib/__tests__/utils.ts:42:76)

  console.log
    found mock response: true

      at Object.<anonymous>.MockAnswers.defaultLogger (packages/run-vcpkg-lib/__tests__/utils.ts:42:76)

  console.log
    test debug: getCommitId()<<

      at Object.<anonymous> (packages/run-vcpkg-lib/__tests__/mocks.ts:102:65)

  console.log
    looking up mock answers for "which", key "git"

      at Object.<anonymous>.MockAnswers.defaultLogger (packages/run-vcpkg-lib/__tests__/utils.ts:42:76)

  console.log
    found mock response: "/usr/local/bin/git"

      at Object.<anonymous>.MockAnswers.defaultLogger (packages/run-vcpkg-lib/__tests__/utils.ts:42:76)

  console.log
    info: Fetching the Git commit id at '/path/to/vcpkg' ...

      at Object.<anonymous> (packages/run-vcpkg-lib/__tests__/mocks.ts:113:21)

  console.log
    looking up mock answers for "exec", key "/usr/local/bin/git rev-parse HEAD"

      at Object.<anonymous>.MockAnswers.defaultLogger (packages/run-vcpkg-lib/__tests__/utils.ts:42:76)

  console.log
    found mock response: {"code":0,"stdout":"beef567890123456789012345678901234567890"}

      at Object.<anonymous>.MockAnswers.defaultLogger (packages/run-vcpkg-lib/__tests__/utils.ts:42:76)

  console.log
    { code: 0, stdout: 'beef567890123456789012345678901234567890' }

      at ActionToolRunner.<anonymous> (packages/run-vcpkg-lib/__tests__/mocks.ts:173:13)

  console.log
    {"code":0,"stdout":"beef567890123456789012345678901234567890"}

      at ActionToolRunner.<anonymous> (packages/run-vcpkg-lib/__tests__/mocks.ts:174:13)

  console.log
    test debug: git rev-parse: code=0, stdout=beef567890123456789012345678901234567890, stderr=

      at Object.<anonymous> (packages/run-vcpkg-lib/__tests__/mocks.ts:102:65)

  console.log
    test debug: getCommitId()>> -> beef567890123456789012345678901234567890

      at Object.<anonymous> (packages/run-vcpkg-lib/__tests__/mocks.ts:102:65)

  console.log
    test: beginOperation('Check whether vcpkg repository is up to date')

      at Object.testLog (packages/run-vcpkg-lib/__tests__/utils.ts:14:13)

  console.log
    info: Checking whether vcpkg's repository is updated to commit id 'beef567890123456789012345678901234567890' ...

      at Object.<anonymous> (packages/run-vcpkg-lib/__tests__/mocks.ts:113:21)

  console.log
    looking up mock answers for "which", key "git"

      at Object.<anonymous>.MockAnswers.defaultLogger (packages/run-vcpkg-lib/__tests__/utils.ts:42:76)

  console.log
    found mock response: "/usr/local/bin/git"

      at Object.<anonymous>.MockAnswers.defaultLogger (packages/run-vcpkg-lib/__tests__/utils.ts:42:76)

  console.log
    test: input 'vcpkgGitURL' not found

      at testLog (packages/run-vcpkg-lib/__tests__/utils.ts:14:13)

  console.log
    info: 'vcpkg' is detected as a submodule.

      at Object.<anonymous> (packages/run-vcpkg-lib/__tests__/mocks.ts:113:21)

  console.log
    test: input 'doRunVcpkg' not found

      at testLog (packages/run-vcpkg-lib/__tests__/utils.ts:14:13)

  console.log
    info: Is vcpkg repository updated? Yes

      at Object.<anonymous> (packages/run-vcpkg-lib/__tests__/mocks.ts:113:21)

  console.log
    test: endOperation('Check whether vcpkg repository is up to date')

      at Object.testLog (packages/run-vcpkg-lib/__tests__/utils.ts:14:13)

  console.log
    info: ⏱ elapsed: 0.001 seconds

      at Object.<anonymous> (packages/run-vcpkg-lib/__tests__/mocks.ts:113:21)

  console.log
    test: beginOperation('Check whether last vcpkg's build is up to date with sources')

      at Object.testLog (packages/run-vcpkg-lib/__tests__/utils.ts:14:13)

  console.log
    info: Checking last vcpkg build commit id in file '/path/to/vcpkg/vcpkgLastBuiltCommitId' ...

      at Object.<anonymous> (packages/run-vcpkg-lib/__tests__/mocks.ts:113:21)

  console.log
    test: Compare '/path/to/vcpkg/vcpkgLastBuiltCommitId' and '/path/to/vcpkg/vcpkgLastBuiltCommitId': true

      at testLog (packages/run-vcpkg-lib/__tests__/utils.ts:14:13)

  console.log
    test debug: last build check: beef567890123456789012345678901234567890

      at Object.<anonymous> (packages/run-vcpkg-lib/__tests__/mocks.ts:102:65)

  console.log
    test: input 'logCollectionRegExps' not found

      at testLog (packages/run-vcpkg-lib/__tests__/utils.ts:14:13)

  console.log
    test debug: vcpkg runner starting...

      at Object.<anonymous> (packages/run-vcpkg-lib/__tests__/mocks.ts:102:65)

  console.log
    test debug: lastcommitid = beef567890123456789012345678901234567890, currentcommitid = beef567890123456789012345678901234567890

      at Object.<anonymous> (packages/run-vcpkg-lib/__tests__/mocks.ts:102:65)

  console.log
    info: vcpkg executable is up to date with sources.

      at Object.<anonymous> (packages/run-vcpkg-lib/__tests__/mocks.ts:113:21)

  console.log
    test: endOperation('Check whether last vcpkg's build is up to date with sources')

      at Object.testLog (packages/run-vcpkg-lib/__tests__/utils.ts:14:13)

  console.log
    info: ⏱ elapsed: 0.002 seconds

      at Object.<anonymous> (packages/run-vcpkg-lib/__tests__/mocks.ts:113:21)

  console.log
    test: beginOperation('Check vcpkg executable exists')

      at Object.testLog (packages/run-vcpkg-lib/__tests__/utils.ts:14:13)

  console.log
    looking up mock answers for "exec", key "chmod +x /path/to/vcpkg/vcpkg"

      at Object.<anonymous>.MockAnswers.defaultLogger (packages/run-vcpkg-lib/__tests__/utils.ts:42:76)

  console.log
    found mock response: {"code":0,"stdout":"chmod output here"}

      at Object.<anonymous>.MockAnswers.defaultLogger (packages/run-vcpkg-lib/__tests__/utils.ts:42:76)

  console.log
    info: vcpkg executable exists at: '/path/to/vcpkg/vcpkg'.

      at Object.<anonymous> (packages/run-vcpkg-lib/__tests__/mocks.ts:113:21)

  console.log
    test: beginOperation('Set output env vars')

      at Object.testLog (packages/run-vcpkg-lib/__tests__/utils.ts:14:13)

  console.log
    info: Set the output variable 'RUNVCPKG_VCPKG_ROOT_OUT' to value: /path/to/vcpkg

      at Object.<anonymous> (packages/run-vcpkg-lib/__tests__/mocks.ts:113:21)

  console.log
    test: endOperation('Set output env vars')

      at Object.testLog (packages/run-vcpkg-lib/__tests__/utils.ts:14:13)

  console.log
    info: ⏱ elapsed: 0.001 seconds

      at Object.<anonymous> (packages/run-vcpkg-lib/__tests__/mocks.ts:113:21)

  console.log
    looking up mock answers for "exec", key "/path/to/vcpkg/vcpkg version"

      at Object.<anonymous>.MockAnswers.defaultLogger (packages/run-vcpkg-lib/__tests__/utils.ts:42:76)

  console.log
    looking up mock answers for "exist", key "/path/to/vcpkg"

      at Object.<anonymous>.MockAnswers.defaultLogger (packages/run-vcpkg-lib/__tests__/utils.ts:42:76)

  console.log
    found mock response: true

      at Object.<anonymous>.MockAnswers.defaultLogger (packages/run-vcpkg-lib/__tests__/utils.ts:42:76)

  console.log
    test debug: getCommitId()<<

      at Object.<anonymous> (packages/run-vcpkg-lib/__tests__/mocks.ts:102:65)

  console.log
    looking up mock answers for "which", key "git"

      at Object.<anonymous>.MockAnswers.defaultLogger (packages/run-vcpkg-lib/__tests__/utils.ts:42:76)

  console.log
    found mock response: "/usr/local/bin/git"

      at Object.<anonymous>.MockAnswers.defaultLogger (packages/run-vcpkg-lib/__tests__/utils.ts:42:76)

  console.log
    info: Fetching the Git commit id at '/path/to/vcpkg' ...

      at Object.<anonymous> (packages/run-vcpkg-lib/__tests__/mocks.ts:113:21)

  console.log
    looking up mock answers for "exec", key "/usr/local/bin/git rev-parse HEAD"

      at Object.<anonymous>.MockAnswers.defaultLogger (packages/run-vcpkg-lib/__tests__/utils.ts:42:76)

  console.log
    found mock response: {"code":1,"stdout":"this is the \"vcpkg version\" output with exit code=1"}

      at Object.<anonymous>.MockAnswers.defaultLogger (packages/run-vcpkg-lib/__tests__/utils.ts:42:76)

  console.log
    info: vcpkg executable returned code 1, forcing a rebuild.

      at Object.<anonymous> (packages/run-vcpkg-lib/__tests__/mocks.ts:113:21)

  console.log
    found mock response: {"code":0,"stdout":"1ee7567890123456789012345678901234567890"}

      at Object.<anonymous>.MockAnswers.defaultLogger (packages/run-vcpkg-lib/__tests__/utils.ts:42:76)

  console.log
    test: endOperation('Check vcpkg executable exists')

      at Object.testLog (packages/run-vcpkg-lib/__tests__/utils.ts:14:13)

  console.log
    info: ⏱ elapsed: 0.013 seconds

      at Object.<anonymous> (packages/run-vcpkg-lib/__tests__/mocks.ts:113:21)

  console.log
    test: beginOperation('Build vcpkg executable')

      at Object.testLog (packages/run-vcpkg-lib/__tests__/utils.ts:14:13)

  console.log
    { code: 0, stdout: '1ee7567890123456789012345678901234567890' }

      at ActionToolRunner.<anonymous> (packages/run-vcpkg-lib/__tests__/mocks.ts:173:13)

  console.log
    {"code":0,"stdout":"1ee7567890123456789012345678901234567890"}

      at ActionToolRunner.<anonymous> (packages/run-vcpkg-lib/__tests__/mocks.ts:174:13)

  console.log
    test debug: git rev-parse: code=0, stdout=1ee7567890123456789012345678901234567890, stderr=

      at Object.<anonymous> (packages/run-vcpkg-lib/__tests__/mocks.ts:102:65)

  console.log
    test debug: getCommitId()>> -> 1ee7567890123456789012345678901234567890

      at Object.<anonymous> (packages/run-vcpkg-lib/__tests__/mocks.ts:102:65)

  console.log
    test: beginOperation('Check whether vcpkg repository is up to date')

      at Object.testLog (packages/run-vcpkg-lib/__tests__/utils.ts:14:13)

  console.log
    info: Checking whether vcpkg's repository is updated to commit id '1ee7567890123456789012345678901234567890' ...

      at Object.<anonymous> (packages/run-vcpkg-lib/__tests__/mocks.ts:113:21)

  console.log
    looking up mock answers for "which", key "git"

      at Object.<anonymous>.MockAnswers.defaultLogger (packages/run-vcpkg-lib/__tests__/utils.ts:42:76)

  console.log
    found mock response: "/usr/local/bin/git"

      at Object.<anonymous>.MockAnswers.defaultLogger (packages/run-vcpkg-lib/__tests__/utils.ts:42:76)

  console.log
    info: 'vcpkg' is detected as a submodule.

      at Object.<anonymous> (packages/run-vcpkg-lib/__tests__/mocks.ts:113:21)

  console.log
    warn: Since the vcpkg directory '/path/to/vcpkg' is a submodule, the input 'vcpkgGitCommitId' should not be provided (1ee7567890123456789012345678901234567890)

      at Object.<anonymous> (packages/run-vcpkg-lib/__tests__/mocks.ts:105:21)

  console.log
    info: Is vcpkg repository updated? Yes

      at Object.<anonymous> (packages/run-vcpkg-lib/__tests__/mocks.ts:113:21)

  console.log
    test: endOperation('Check whether vcpkg repository is up to date')

      at Object.testLog (packages/run-vcpkg-lib/__tests__/utils.ts:14:13)

  console.log
    info: ⏱ elapsed: 0.002 seconds

      at Object.<anonymous> (packages/run-vcpkg-lib/__tests__/mocks.ts:113:21)

  console.log
    looking up mock answers for "which", key "sh"

      at Object.<anonymous>.MockAnswers.defaultLogger (packages/run-vcpkg-lib/__tests__/utils.ts:42:76)

  console.log
    found mock response: "/bin/bash"

      at Object.<anonymous>.MockAnswers.defaultLogger (packages/run-vcpkg-lib/__tests__/utils.ts:42:76)

  console.log
    test: beginOperation('Check whether last vcpkg's build is up to date with sources')

      at Object.testLog (packages/run-vcpkg-lib/__tests__/utils.ts:14:13)

  console.log
    >>> EXECUTING TEST: 'run-vcpkg must throw error on invalid SHA1 hash of Git commit'

      at Object.testWithHeader (packages/run-vcpkg-lib/__tests__/utils.ts:4:13)

  console.log
    info: Checking last vcpkg build commit id in file '/path/to/vcpkg/vcpkgLastBuiltCommitId' ...

      at Object.<anonymous> (packages/run-vcpkg-lib/__tests__/mocks.ts:113:21)

  console.log
    test: Compare '/path/to/vcpkg/vcpkgLastBuiltCommitId' and '/path/to/vcpkg/vcpkgLastBuiltCommitId': true

      at testLog (packages/run-vcpkg-lib/__tests__/utils.ts:14:13)

  console.log
    test debug: last build check: 1ee7567890123456789012345678901234567890

      at Object.<anonymous> (packages/run-vcpkg-lib/__tests__/mocks.ts:102:65)

  console.log
    test debug: lastcommitid = 1ee7567890123456789012345678901234567890, currentcommitid = 1ee7567890123456789012345678901234567890

      at Object.<anonymous> (packages/run-vcpkg-lib/__tests__/mocks.ts:102:65)

  console.log
    info: vcpkg executable is up to date with sources.

      at Object.<anonymous> (packages/run-vcpkg-lib/__tests__/mocks.ts:113:21)

  console.log
    test: endOperation('Check whether last vcpkg's build is up to date with sources')

      at Object.testLog (packages/run-vcpkg-lib/__tests__/utils.ts:14:13)

  console.log
    info: ⏱ elapsed: 0.002 seconds

      at Object.<anonymous> (packages/run-vcpkg-lib/__tests__/mocks.ts:113:21)

  console.log
    test: input 'vcpkgGitURL' not found

      at testLog (packages/run-vcpkg-lib/__tests__/utils.ts:14:13)

  console.log
    test: input 'doRunVcpkg' not found

      at testLog (packages/run-vcpkg-lib/__tests__/utils.ts:14:13)

  console.log
    test: input 'logCollectionRegExps' not found

      at testLog (packages/run-vcpkg-lib/__tests__/utils.ts:14:13)

  console.log
    test debug: vcpkg runner starting...

      at Object.<anonymous> (packages/run-vcpkg-lib/__tests__/mocks.ts:102:65)

  console.log
    test: beginOperation('Check vcpkg executable exists')

      at Object.testLog (packages/run-vcpkg-lib/__tests__/utils.ts:14:13)

  console.log
    test: beginOperation('Set output env vars')

      at Object.testLog (packages/run-vcpkg-lib/__tests__/utils.ts:14:13)

  console.log
    info: Set the output variable 'RUNVCPKG_VCPKG_ROOT_OUT' to value: /path/to/vcpkg

      at Object.<anonymous> (packages/run-vcpkg-lib/__tests__/mocks.ts:113:21)

  console.log
    looking up mock answers for "exec", key "chmod +x /path/to/vcpkg/vcpkg"

      at Object.<anonymous>.MockAnswers.defaultLogger (packages/run-vcpkg-lib/__tests__/utils.ts:42:76)

  console.log
    found mock response: {"code":0,"stdout":"chmod output here"}

      at Object.<anonymous>.MockAnswers.defaultLogger (packages/run-vcpkg-lib/__tests__/utils.ts:42:76)

  console.log
    info: vcpkg executable exists at: '/path/to/vcpkg/vcpkg'.

      at Object.<anonymous> (packages/run-vcpkg-lib/__tests__/mocks.ts:113:21)

  console.log
    looking up mock answers for "exec", key "/path/to/vcpkg/vcpkg version"

      at Object.<anonymous>.MockAnswers.defaultLogger (packages/run-vcpkg-lib/__tests__/utils.ts:42:76)

  console.log
    found mock response: {"code":0,"stdout":"this is the \"vcpkg version\" output with exit code=0"}

      at Object.<anonymous>.MockAnswers.defaultLogger (packages/run-vcpkg-lib/__tests__/utils.ts:42:76)

  console.log
    test: endOperation('Check vcpkg executable exists')

      at Object.testLog (packages/run-vcpkg-lib/__tests__/utils.ts:14:13)

  console.log
    info: ⏱ elapsed: 0.001 seconds

      at Object.<anonymous> (packages/run-vcpkg-lib/__tests__/mocks.ts:113:21)

  console.log
    looking up mock answers for "exec", key "chmod +x /path/to/vcpkg/bootstrap-vcpkg.sh"

      at Object.<anonymous>.MockAnswers.defaultLogger (packages/run-vcpkg-lib/__tests__/utils.ts:42:76)

  console.log
    test: endOperation('Set output env vars')

      at Object.testLog (packages/run-vcpkg-lib/__tests__/utils.ts:14:13)

  console.log
    info: ⏱ elapsed: 0.005 seconds

      at Object.<anonymous> (packages/run-vcpkg-lib/__tests__/mocks.ts:113:21)

  console.log
    found mock response: {"code":0,"stdout":"this is the output of chmod +x bootstrap"}

      at Object.<anonymous>.MockAnswers.defaultLogger (packages/run-vcpkg-lib/__tests__/utils.ts:42:76)

  console.log
    looking up mock answers for "exist", key "/path/to/vcpkg"

      at Object.<anonymous>.MockAnswers.defaultLogger (packages/run-vcpkg-lib/__tests__/utils.ts:42:76)

  console.log
    looking up mock answers for "exec", key "/bin/bash -c /path/to/vcpkg/bootstrap-vcpkg.sh"

      at Object.<anonymous>.MockAnswers.defaultLogger (packages/run-vcpkg-lib/__tests__/utils.ts:42:76)

  console.log
    found mock response: false

      at Object.<anonymous>.MockAnswers.defaultLogger (packages/run-vcpkg-lib/__tests__/utils.ts:42:76)

  console.log
    found mock response: {"code":0,"stdout":"this is the output of bootstrap-vcpkg"}

      at Object.<anonymous>.MockAnswers.defaultLogger (packages/run-vcpkg-lib/__tests__/utils.ts:42:76)

  console.log
    test debug: Creating vcpkg root directory as it is not existing: /path/to/vcpkg

      at Object.<anonymous> (packages/run-vcpkg-lib/__tests__/mocks.ts:102:65)

  console.log
    { code: 0, stdout: 'this is the output of bootstrap-vcpkg' }

      at ActionToolRunner.<anonymous> (packages/run-vcpkg-lib/__tests__/mocks.ts:182:13)

  console.log
    test: mkdirP(/path/to/vcpkg)

      at Object.testLog (packages/run-vcpkg-lib/__tests__/utils.ts:14:13)

  console.log
    test debug: getCommitId()<<

      at Object.<anonymous> (packages/run-vcpkg-lib/__tests__/mocks.ts:102:65)

  console.log
    looking up mock answers for "which", key "git"

      at Object.<anonymous>.MockAnswers.defaultLogger (packages/run-vcpkg-lib/__tests__/utils.ts:42:76)

  console.log
    found mock response: "/usr/local/bin/git"

      at Object.<anonymous>.MockAnswers.defaultLogger (packages/run-vcpkg-lib/__tests__/utils.ts:42:76)

  console.log
    info: Fetching the Git commit id at '/path/to/vcpkg' ...

      at Object.<anonymous> (packages/run-vcpkg-lib/__tests__/mocks.ts:113:21)

  console.log
    looking up mock answers for "exec", key "/usr/local/bin/git rev-parse HEAD"

      at Object.<anonymous>.MockAnswers.defaultLogger (packages/run-vcpkg-lib/__tests__/utils.ts:42:76)

  console.log
    found mock response: {"code":0,"stdout":"beef567890123456789012345678901234567890"}

      at Object.<anonymous>.MockAnswers.defaultLogger (packages/run-vcpkg-lib/__tests__/utils.ts:42:76)

  console.log
    { code: 0, stdout: 'beef567890123456789012345678901234567890' }

      at ActionToolRunner.<anonymous> (packages/run-vcpkg-lib/__tests__/mocks.ts:173:13)

  console.log
    {"code":0,"stdout":"beef567890123456789012345678901234567890"}

      at ActionToolRunner.<anonymous> (packages/run-vcpkg-lib/__tests__/mocks.ts:174:13)

  console.log
    test debug: getCommitId()<<

      at Object.<anonymous> (packages/run-vcpkg-lib/__tests__/mocks.ts:102:65)

  console.log
    test debug: git rev-parse: code=0, stdout=beef567890123456789012345678901234567890, stderr=

      at Object.<anonymous> (packages/run-vcpkg-lib/__tests__/mocks.ts:102:65)

  console.log
    test debug: getCommitId()>> -> beef567890123456789012345678901234567890

      at Object.<anonymous> (packages/run-vcpkg-lib/__tests__/mocks.ts:102:65)

  console.log
    test debug: Writing to file '/path/to/vcpkg/vcpkgLastBuiltCommitId' content 'beef567890123456789012345678901234567890'.

      at Object.<anonymous> (packages/run-vcpkg-lib/__tests__/mocks.ts:102:65)

  console.log
    test: writeFile('/path/to/vcpkg/vcpkgLastBuiltCommitId','beef567890123456789012345678901234567890')

      at Object.testLog (packages/run-vcpkg-lib/__tests__/utils.ts:14:13)

  console.log
    looking up mock answers for "which", key "git"

      at Object.<anonymous>.MockAnswers.defaultLogger (packages/run-vcpkg-lib/__tests__/utils.ts:42:76)

  console.log
    info: Stored last built vcpkg commit id 'beef567890123456789012345678901234567890' in file '/path/to/vcpkg/vcpkgLastBuiltCommitId

      at Object.<anonymous> (packages/run-vcpkg-lib/__tests__/mocks.ts:113:21)

  console.log
    test: endOperation('Build vcpkg executable')

      at Object.testLog (packages/run-vcpkg-lib/__tests__/utils.ts:14:13)

  console.log
    info: ⏱ elapsed: 0.013 seconds

      at Object.<anonymous> (packages/run-vcpkg-lib/__tests__/mocks.ts:113:21)

  console.log
    found mock response: "/usr/local/bin/git"

      at Object.<anonymous>.MockAnswers.defaultLogger (packages/run-vcpkg-lib/__tests__/utils.ts:42:76)

  console.log
    info: Fetching the Git commit id at '/path/to/vcpkg' ...

      at Object.<anonymous> (packages/run-vcpkg-lib/__tests__/mocks.ts:113:21)

  console.log
    looking up mock answers for "exec", key "/usr/local/bin/git rev-parse HEAD"

      at Object.<anonymous>.MockAnswers.defaultLogger (packages/run-vcpkg-lib/__tests__/utils.ts:42:76)

  console.log
    found mock response: {"code":0,"stdout":"mygitref"}

      at Object.<anonymous>.MockAnswers.defaultLogger (packages/run-vcpkg-lib/__tests__/utils.ts:42:76)

  console.log
    { code: 0, stdout: 'mygitref' }

      at ActionToolRunner.<anonymous> (packages/run-vcpkg-lib/__tests__/mocks.ts:173:13)

  console.log
    {"code":0,"stdout":"mygitref"}

      at ActionToolRunner.<anonymous> (packages/run-vcpkg-lib/__tests__/mocks.ts:174:13)

  console.log
    test debug: git rev-parse: code=0, stdout=mygitref, stderr=

      at Object.<anonymous> (packages/run-vcpkg-lib/__tests__/mocks.ts:102:65)

  console.log
    test debug: getCommitId()>> -> mygitref

      at Object.<anonymous> (packages/run-vcpkg-lib/__tests__/mocks.ts:102:65)

  console.log
    test: beginOperation('Check whether vcpkg repository is up to date')

      at Object.testLog (packages/run-vcpkg-lib/__tests__/utils.ts:14:13)

  console.log
    info: Checking whether vcpkg's repository is updated to commit id 'mygitref' ...

      at Object.<anonymous> (packages/run-vcpkg-lib/__tests__/mocks.ts:113:21)

  console.log
    looking up mock answers for "which", key "git"

      at Object.<anonymous>.MockAnswers.defaultLogger (packages/run-vcpkg-lib/__tests__/utils.ts:42:76)

  console.log
    found mock response: "/usr/local/bin/git"

      at Object.<anonymous>.MockAnswers.defaultLogger (packages/run-vcpkg-lib/__tests__/utils.ts:42:76)

  console.log
    test debug: exist('/path/to/vcpkg') === true

      at Object.<anonymous> (packages/run-vcpkg-lib/__tests__/mocks.ts:102:65)

  console.log
    info: Current commit id of vcpkg: 'mygitref'.

      at Object.<anonymous> (packages/run-vcpkg-lib/__tests__/mocks.ts:113:21)

  console.log
    test: endOperation('Check whether vcpkg repository is up to date')

      at Object.testLog (packages/run-vcpkg-lib/__tests__/utils.ts:14:13)
          at Generator.throw (<anonymous>)

  console.log
    info: ⏱ elapsed: 0.001 seconds

      at Object.<anonymous> (packages/run-vcpkg-lib/__tests__/mocks.ts:113:21)
          at Generator.throw (<anonymous>)

PASS packages/run-vcpkg-lib/__tests__/run-vcpkg.sha1-commit.test.ts
  ✓ run-vcpkg must throw error on invalid SHA1 hash of Git commit (59 ms)

  console.log
    >>> EXECUTING TEST: 'ToolRunner.exec must call listeners and LogFileCollector must match regular expressions.'

      at Object.testWithHeader (packages/run-vcpkg-lib/__tests__/utils.ts:4:13)

::debug::"which(echo)<<
  console.log
    tool: /bin/echo

      at ActionLib.<anonymous> (packages/action-lib/src/action-lib.ts:380:13)

::debug::"which(echo) >> /bin/echo
::debug::exec(/bin/echo, ["_______________________________________________________________________________________________________________________________________________________________________________________________________________________________________________________________________________________________________________________________________________________________________________________________________\n________\n______\n___________________________________________________________________________________________________________________________________________________________________\n________________________________________________________________________\n____________________________________\n________\n___________________________\n___\n____________________________________________________________________________\n___________________________________\n________________________________________________________________________________________\n______________________________________________\n_________________________________________\n____________________________________________________________________________________________________________________________________________________________________________________________________________________________________\n_____\n_________________\n________________________________________________________________________________________________________\n_____________________________________________\n__________________________________________________________________________________________________________________________________________________________________________________________________________________________________________\n____________________________________________________________\n__________________________________________________________________________________________________________________________________\n__________________________________\n_________\n__________________________________\n________________\n_\n___________________\n_______________________________________________________________\n____________________________________\n_____________   -- Configuring incomplete, errors occurred!\n  See also \"/home/runner/work/CppBuildTasks-Validation/b/dump_log/CMakeFiles/CMakeOutput.log\".\n  See also \"/home/runner/work/CppBuildTasks-Validation/b/dump_log/CMakeFiles/CMakeError.log\".\n _______________________________________________________________________________________________________________________________________________________________________________________________________________________________________________________________________________________________________________________________________________________________________________________________________\n________\n______\n___________________________________________________________________________________________________________________________________________________________________\n________________________________________________________________________\n____________________________________\n________\n___________________________\n___\n____________________________________________________________________________\n___________________________________\n________________________________________________________________________________________\n______________________________________________\n_________________________________________\n____________________________________________________________________________________________________________________________________________________________________________________________________________________________________\n_____\n_________________\n________________________________________________________________________________________________________\n_____________________________________________\n__________________________________________________________________________________________________________________________________________________________________________________________________________________________________________\n____________________________________________________________\n__________________________________________________________________________________________________________________________________\n__________________________________\n_________\n__________________________________\n________________\n_\n___________________\n_______________________________________________________________\n____________________________________\n_____________ \n  CMake Error at scripts/cmake/vcpkg_execute_build_process.cmake:146 (message):\n  Command failed: /usr/bin/make V=1 -j 3 -f Makefile dist\n  Working Directory: /home/runner/work/project/3rdparty/vcpkg/buildtrees/hunspell/x64-linux-dbg\n  See logs for more information:\n    /home/runner/work/project/3rdparty/vcpkg/buildtrees/hunspell/build-dist-x64-linux-dbg-out.log\n\n  CMake Error at scripts/cmake/vcpkg_execute_required_process.cmake:91 (file):\n    file failed to open for reading (No such file or directory):\n    /home/runner/work/project/3rdparty/vcpkg/buildtrees/hunspell/build-dist-x64-linux-dbg-err.log\n  Call Stack (most recent call first):\n    scripts/cmake/vcpkg_from_git.cmake:85 (vcpkg_execute_required_process)\n    ports/bzip2/portfile.cmake:1 (vcpkg_from_git)\n    scripts/ports.cmake:142 (include)\n"], {/Users/luca/github/run-cmake-vcpkg-action-libs})<<
Running command '/bin/echo' with args '_______________________________________________________________________________________________________________________________________________________________________________________________________________________________________________________________________________________________________________________________________________________________________________________________________
________
______
___________________________________________________________________________________________________________________________________________________________________
________________________________________________________________________
____________________________________
________
___________________________
___
____________________________________________________________________________
___________________________________
________________________________________________________________________________________
______________________________________________
_________________________________________
____________________________________________________________________________________________________________________________________________________________________________________________________________________________________
_____
_________________
________________________________________________________________________________________________________
_____________________________________________
__________________________________________________________________________________________________________________________________________________________________________________________________________________________________________
____________________________________________________________
__________________________________________________________________________________________________________________________________
__________________________________
_________
__________________________________
________________
_
___________________
_______________________________________________________________
____________________________________
_____________   -- Configuring incomplete, errors occurred!
  See also "/home/runner/work/CppBuildTasks-Validation/b/dump_log/CMakeFiles/CMakeOutput.log".
  See also "/home/runner/work/CppBuildTasks-Validation/b/dump_log/CMakeFiles/CMakeError.log".
 _______________________________________________________________________________________________________________________________________________________________________________________________________________________________________________________________________________________________________________________________________________________________________________________________________
________
______
_____________________________________________________________  console.log
    >>> EXECUTING TEST: 'run-vcpkg must build and run successfully'

      at Object.testWithHeader (packages/run-vcpkg-lib/__tests__/utils.ts:4:13)

______________________________________________________________________________________________________
________________________________________________________________________
____________________________________
________
___________________________
___
____________________________________________________________________________
___________________________________
________________________________________________________________________________________
______________________________________________
_________________________________________
____________________________________________________________________________________________________________________________________________________________________________________________________________________________________
_____
_________________
________________________________________________________________________________________________________
_____________________________________________
__________________________________________________________________________________________________________________________________________________________________________________________________________________________________________
____________________________________________________________
__________________________________________________________________________________________________________________________________
__________________________________
_________
__________________________________
________________
_
___________________
_______________________________________________________________
____________________________________
_____________ 
  CMake Error at scripts/cmake/vcpkg_execute_build_process.cmake:146 (message):
  Command failed: /usr/bin/make V=1 -j 3 -f Makefile dist
  Working Directory: /home/runner/work/project/3rdparty/vcpkg/buildtrees/hunspell/x64-linux-dbg
  See logs for more information:
    /home/runner/work/project/3rdparty/vcpkg/buildtrees/hunspell/build-dist-x64-linux-dbg-out.log

  CMake Error at scripts/cmake/vcpkg_execute_required_process.cmake:91 (file):
    file failed to open for reading (No such file or directory):
    /home/runner/work/project/3rdparty/vcpkg/buildtrees/hunspell/build-dist-x64-linux-dbg-err.log
  Call Stack (most recent call first):
    scripts/cmake/vcpkg_from_git.cmake:85 (vcpkg_execute_required_process)
    ports/bzip2/portfile.cmake:1 (vcpkg_from_git)
    scripts/ports.cmake:142 (include)
' in current directory '/Users/luca/github/run-cmake-vcpkg-action-libs'.
::debug::cp.spawn("/bin/echo", ["_______________________________________________________________________________________________________________________________________________________________________________________________________________________________________________________________________________________________________________________________________________________________________________________________________\n________\n______\n___________________________________________________________________________________________________________________________________________________________________\n________________________________________________________________________\n____________________________________\n________\n___________________________\n___\n____________________________________________________________________________\n___________________________________\n________________________________________________________________________________________\n______________________________________________\n_________________________________________\n____________________________________________________________________________________________________________________________________________________________________________________________________________________________________\n_____\n_________________\n________________________________________________________________________________________________________\n_____________________________________________\n__________________________________________________________________________________________________________________________________________________________________________________________________________________________________________\n____________________________________________________________\n__________________________________________________________________________________________________________________________________\n__________________________________\n_________\n__________________________________\n________________\n_\n___________________\n_______________________________________________________________\n____________________________________\n_____________   -- Configuring incomplete, errors occurred!\n  See also \"/home/runner/work/CppBuildTasks-Validation/b/dump_log/CMakeFiles/CMakeOutput.log\".\n  See also \"/home/runner/work/CppBuildTasks-Validation/b/dump_log/CMakeFiles/CMakeError.log\".\n _______________________________________________________________________________________________________________________________________________________________________________________________________________________________________________________________________________________________________________________________________________________________________________________________________\n________\n______\n___________________________________________________________________________________________________________________________________________________________________\n________________________________________________________________________\n____________________________________\n________\n___________________________\n___\n____________________________________________________________________________\n___________________________________\n________________________________________________________________________________________\n______________________________________________\n_________________________________________\n____________________________________________________________________________________________________________________________________________________________________________________________________________________________________\n_____\n_________________\n________________________________________________________________________________________________________\n_____________________________________________\n__________________________________________________________________________________________________________________________________________________________________________________________________________________________________________\n____________________________________________________________\n__________________________________________________________________________________________________________________________________\n__________________________________\n_________\n__________________________________\n________________\n_\n___________________\n_______________________________________________________________\n____________________________________\n_____________ \n  CMake Error at scripts/cmake/vcpkg_execute_build_process.cmake:146 (message):\n  Command failed: /usr/bin/make V=1 -j 3 -f Makefile dist\n  Working Directory: /home/runner/work/project/3rdparty/vcpkg/buildtrees/hunspell/x64-linux-dbg\n  See logs for more information:\n    /home/runner/work/project/3rdparty/vcpkg/buildtrees/hunspell/build-dist-x64-linux-dbg-out.log\n\n  CMake Error at scripts/cmake/vcpkg_execute_required_process.cmake:91 (file):\n    file failed to open for reading (No such file or directory):\n    /home/runner/work/project/3rdparty/vcpkg/buildtrees/hunspell/build-dist-x64-linux-dbg-err.log\n  Call Stack (most recent call first):\n    scripts/cmake/vcpkg_from_git.cmake:85 (vcpkg_execute_required_process)\n    ports/bzip2/portfile.cmake:1 (vcpkg_from_git)\n    scripts/ports.cmake:142 (include)\n"], {cwd=/Users/luca/github/run-cmake-vcpkg-action-libs, shell=false, path="/Users/luca/github/run-cmake-vcpkg-action-libs/node_modules/.bin:/Users/luca/github/node_modules/.bin:/Users/luca/node_modules/.bin:/Users/node_modules/.bin:/node_modules/.bin:/opt/homebrew/lib/node_modules/npm/node_modules/@npmcli/run-script/lib/node-gyp-bin:/Users/luca/github/run-cmake-vcpkg-action-libs/node_modules/.bin:/Users/luca/github/run-cmake-vcpkg-action-libs/node_modules/.bin:/Users/luca/github/node_modules/.bin:/Users/luca/node_modules/.bin:/Users/node_modules/.bin:/node_modules/.bin:/opt/homebrew/lib/node_modules/npm/node_modules/@npmcli/run-script/lib/node-gyp-bin:/opt/homebrew/bin:/opt/homebrew/sbin:/usr/local/bin:/usr/bin:/bin:/usr/sbin:/sbin:/opt/X11/bin:/opt/homebrew/bin:/opt/homebrew/sbin"})
::debug::%0A%0Amatched expression: /\s*"(.+CMakeOutput\.log)"\.\s*/g%0A%0A
  console.log
    Matched: '/home/runner/work/CppBuildTasks-Validation/b/dump_log/CMakeFiles/CMakeOutput.log'.

      at LogFileCollector.func (packages/action-lib/__tests__/lib.log_collection.test.ts:25:15)

::debug::%0A%0Amatched expression: /\s*"(.+CMakeError\.log)"\.\s*/g%0A%0A
  console.log
    Matched: '/home/runner/work/CppBuildTasks-Validation/b/dump_log/CMakeFiles/CMakeError.log'.

      at LogFileCollector.func (packages/action-lib/__tests__/lib.log_collection.test.ts:25:15)

::debug::%0A%0Amatched expression: /\s+(.+err\.log)\s*/g%0A%0A
  console.log
    Matched: '/home/runner/work/project/3rdparty/vcpkg/buildtrees/hunspell/build-dist-x64-linux-dbg-err.log'.

      at LogFileCollector.func (packages/action-lib/__tests__/lib.log_collection.test.ts:25:15)

::debug::%0A%0Amatched expression: /\s+(.+out\.log)\s*/g%0A%0A
  console.log
    Matched: '/home/runner/work/project/3rdparty/vcpkg/buildtrees/hunspell/build-dist-x64-linux-dbg-out.log'.

      at LogFileCollector.func (packages/action-lib/__tests__/lib.log_collection.test.ts:25:15)

_______________________________________________________________________________________________________________________________________________________________________________________________________________________________________________________________________________________________________________________________________________________________________________________________________
________
______
___________________________________________________________________________________________________________________________________________________________________
________________________________________________________________________
____________________________________
________
___________________________
___
____________________________________________________________________________
___________________________________
________________________________________________________________________________________
______________________________________________
_________________________________________
____________________________________________________________________________________________________________________________________________________________________________________________________________________________________
_____
_________________
________________________________________________________________________________________________________
_____________________________________________
__________________________________________________________________________________________________________________________________________________________________________________________________________________________________________
____________________________________________________________
__________________________________________________________________________________________________________________________________
__________________________________
_________
__________________________________
________________
_
___________________
_______________________________________________________________
____________________________________
_____________   -- Configuring incomplete, errors occurred!
  See also "/home/runner/work/CppBuildTasks-Validation/b/dump_log/CMakeFiles/CMakeOutput.log".
  See also "/home/runner/work/CppBuildTasks-Validation/b/dump_log/CMakeFiles/CMakeError.log".
 _______________________________________________________________________________________________________________________________________________________________________________________________________________________________________________________________________________________________________________________________________________________________________________________________________
________
______
___________________________________________________________________________________________________________________________________________________________________
________________________________________________________________________
____________________________________
________
___________________________
___
____________________________________________________________________________
___________________________________
________________________________________________________________________________________
______________________________________________
_________________________________________
____________________________________________________________________________________________________________________________________________________________________________________________________________________________________
_____
_________________
________________________________________________________________________________________________________
_____________________________________________
__________________________________________________________________________________________________________________________________________________________________________________________________________________________________________
____________________________________________________________
__________________________________________________________________________________________________________________________________
__________________________________
_________
__________________________________
________________
_
___________________
_______________________________________________________________
____________________________________
_____________ 
  CMake Error at scripts/cmake/vcpkg_execute_build_process.cmake:146 (message):
  Command failed: /usr/bin/make V=1 -j 3 -f Makefile dist
  Working Directory: /home/runner/work/project/3rdparty/vcpkg/buildtrees/hunspell/x64-linux-dbg
  See logs for more information:
    /home/runner/work/project/3rdparty/vcpkg/buildtrees/hunspell/build-dist-x64-linux-dbg-out.log

  CMake Error at scripts/cmake/vcpkg_execute_required_process.cmake:91 (file):
    file failed to open for reading (No such file or directory):
    /home/runner/work/project/3rdparty/vcpkg/buildtrees/hunspell/build-dist-x64-linux-dbg-err.log
  Call Stack (most recent call first):
    scripts/cmake/vcpkg_from_git.cmake:85 (vcpkg_execute_required_process)
    ports/bzip2/portfile.cmake:1 (vcpkg_from_git)
    scripts/ports.cmake:142 (include)

::debug::Exit code '0' received from command '/bin/echo'
::debug::STDIO streams have closed for command '/bin/echo'
  console.log
    test: input 'vcpkgGitURL' not found

      at testLog (packages/run-vcpkg-lib/__tests__/utils.ts:14:13)

  console.log
    test: input 'logCollectionRegExps' not found

      at testLog (packages/run-vcpkg-lib/__tests__/utils.ts:14:13)

  console.log
    Array of matches: '/home/runner/work/CppBuildTasks-Validation/b/dump_log/CMakeFiles/CMakeOutput.log,/home/runner/work/CppBuildTasks-Validation/b/dump_log/CMakeFiles/CMakeError.log,/home/runner/work/project/3rdparty/vcpkg/buildtrees/hunspell/build-dist-x64-linux-dbg-err.log,/home/runner/work/project/3rdparty/vcpkg/buildtrees/hunspell/build-dist-x64-linux-dbg-out.log'.

      at packages/action-lib/__tests__/lib.log_collection.test.ts:73:11

  console.log
    test debug: vcpkg runner starting...

      at Object.<anonymous> (packages/run-vcpkg-lib/__tests__/mocks.ts:102:65)

PASS packages/action-lib/__tests__/lib.log_collection.test.ts
  ✓ ToolRunner.exec must call listeners and LogFileCollector must match regular expressions. (87 ms)

PASS packages/run-vcpkg-lib/__tests__/run-vcpkg.build-and-run.test.ts
  ✓ run-vcpkg must build and run successfully (88 ms)

PASS packages/action-lib/__tests__/utils.test.ts
  ✓ KeySet tests (52 ms)

  console.log
    test: beginOperation('Set output env vars')

      at Object.testLog (packages/run-vcpkg-lib/__tests__/utils.ts:14:13)

  console.log
    info: Set the output variable 'RUNVCPKG_VCPKG_ROOT_OUT' to value: /path/to/vcpkg

      at Object.<anonymous> (packages/run-vcpkg-lib/__tests__/mocks.ts:113:21)

  console.log
    test: endOperation('Set output env vars')

      at Object.testLog (packages/run-vcpkg-lib/__tests__/utils.ts:14:13)

  console.log
    info: ⏱ elapsed: 0.001 seconds

      at Object.<anonymous> (packages/run-vcpkg-lib/__tests__/mocks.ts:113:21)

  console.log
    looking up mock answers for "exist", key "/path/to/vcpkg"

      at Object.<anonymous>.MockAnswers.defaultLogger (packages/run-vcpkg-lib/__tests__/utils.ts:42:76)

  console.log
    found mock response: true

      at Object.<anonymous>.MockAnswers.defaultLogger (packages/run-vcpkg-lib/__tests__/utils.ts:42:76)

  console.log
    test debug: getCommitId()<<

      at Object.<anonymous> (packages/run-vcpkg-lib/__tests__/mocks.ts:102:65)

  console.log
    looking up mock answers for "which", key "git"

      at Object.<anonymous>.MockAnswers.defaultLogger (packages/run-vcpkg-lib/__tests__/utils.ts:42:76)

  console.log
    found mock response: "/usr/local/bin/git"

      at Object.<anonymous>.MockAnswers.defaultLogger (packages/run-vcpkg-lib/__tests__/utils.ts:42:76)

  console.log
    info: Fetching the Git commit id at '/path/to/vcpkg' ...

      at Object.<anonymous> (packages/run-vcpkg-lib/__tests__/mocks.ts:113:21)

  console.log
    looking up mock answers for "exec", key "/usr/local/bin/git rev-parse HEAD"

      at Object.<anonymous>.MockAnswers.defaultLogger (packages/run-vcpkg-lib/__tests__/utils.ts:42:76)

  console.log
    found mock response: {"code":0,"stdout":"mygitref"}

      at Object.<anonymous>.MockAnswers.defaultLogger (packages/run-vcpkg-lib/__tests__/utils.ts:42:76)

  console.log
    { code: 0, stdout: 'mygitref' }

      at ActionToolRunner.<anonymous> (packages/run-vcpkg-lib/__tests__/mocks.ts:173:13)

  console.log
    {"code":0,"stdout":"mygitref"}

      at ActionToolRunner.<anonymous> (packages/run-vcpkg-lib/__tests__/mocks.ts:174:13)

  console.log
    test debug: git rev-parse: code=0, stdout=mygitref, stderr=

      at Object.<anonymous> (packages/run-vcpkg-lib/__tests__/mocks.ts:102:65)

  console.log
    test debug: getCommitId()>> -> mygitref

      at Object.<anonymous> (packages/run-vcpkg-lib/__tests__/mocks.ts:102:65)

  console.log
    test: beginOperation('Check whether vcpkg repository is up to date')

      at Object.testLog (packages/run-vcpkg-lib/__tests__/utils.ts:14:13)

  console.log
    info: Checking whether vcpkg's repository is updated to commit id 'mygitref' ...

      at Object.<anonymous> (packages/run-vcpkg-lib/__tests__/mocks.ts:113:21)

  console.log
    looking up mock answers for "which", key "git"

      at Object.<anonymous>.MockAnswers.defaultLogger (packages/run-vcpkg-lib/__tests__/utils.ts:42:76)

  console.log
    found mock response: "/usr/local/bin/git"

      at Object.<anonymous>.MockAnswers.defaultLogger (packages/run-vcpkg-lib/__tests__/utils.ts:42:76)

  console.log
    test debug: exist('/path/to/vcpkg') === true

      at Object.<anonymous> (packages/run-vcpkg-lib/__tests__/mocks.ts:102:65)

  console.log
    info: Current commit id of vcpkg: 'mygitref'.

      at Object.<anonymous> (packages/run-vcpkg-lib/__tests__/mocks.ts:113:21)

  console.log
    info: Is vcpkg repository updated? No

      at Object.<anonymous> (packages/run-vcpkg-lib/__tests__/mocks.ts:113:21)

  console.log
    test: endOperation('Check whether vcpkg repository is up to date')

      at Object.testLog (packages/run-vcpkg-lib/__tests__/utils.ts:14:13)

  console.log
    info: ⏱ elapsed: 0.002 seconds

      at Object.<anonymous> (packages/run-vcpkg-lib/__tests__/mocks.ts:113:21)

  console.log
    test: beginOperation('Download vcpkg source code repository')

      at Object.testLog (packages/run-vcpkg-lib/__tests__/utils.ts:14:13)

  console.log
    info: Cloning vcpkg in '/path/to/vcpkg'...

      at Object.<anonymous> (packages/run-vcpkg-lib/__tests__/mocks.ts:113:21)

  console.log
    looking up mock answers for "which", key "git"

      at Object.<anonymous>.MockAnswers.defaultLogger (packages/run-vcpkg-lib/__tests__/utils.ts:42:76)

  console.log
    found mock response: "/usr/local/bin/git"

      at Object.<anonymous>.MockAnswers.defaultLogger (packages/run-vcpkg-lib/__tests__/utils.ts:42:76)

  console.log
    test: rmRf(/path/to/vcpkg)

      at Object.testLog (packages/run-vcpkg-lib/__tests__/utils.ts:14:13)

  console.log
    test: mkdirP(/path/to/vcpkg)

      at Object.testLog (packages/run-vcpkg-lib/__tests__/utils.ts:14:13)

  console.log
    test: cd(/path/to/vcpkg)

      at Object.testLog (packages/run-vcpkg-lib/__tests__/utils.ts:14:13)

  console.log
    looking up mock answers for "exec", key "/usr/local/bin/git clone https://github.com/microsoft/vcpkg.git -n ."

      at Object.<anonymous>.MockAnswers.defaultLogger (packages/run-vcpkg-lib/__tests__/utils.ts:42:76)

  console.log
    found mock response: {"code":0,"stdout":"this is git clone ... output"}

      at Object.<anonymous>.MockAnswers.defaultLogger (packages/run-vcpkg-lib/__tests__/utils.ts:42:76)

  console.log
    { code: 0, stdout: 'this is git clone ... output' }

      at ActionToolRunner.<anonymous> (packages/run-vcpkg-lib/__tests__/mocks.ts:182:13)

  console.log
    looking up mock answers for "exec", key "/usr/local/bin/git checkout --force 1ee7567890123456789012345678901234567890"

      at Object.<anonymous>.MockAnswers.defaultLogger (packages/run-vcpkg-lib/__tests__/utils.ts:42:76)

  console.log
    found mock response: {"code":0,"stdout":"this is git checkout 1ee7567890123456789012345678901234567890 output"}

      at Object.<anonymous>.MockAnswers.defaultLogger (packages/run-vcpkg-lib/__tests__/utils.ts:42:76)

  console.log
    {
      code: 0,
      stdout: 'this is git checkout 1ee7567890123456789012345678901234567890 output'
    }

      at ActionToolRunner.<anonymous> (packages/run-vcpkg-lib/__tests__/mocks.ts:182:13)

  console.log
    info: Clone vcpkg in '/path/to/vcpkg'.

      at Object.<anonymous> (packages/run-vcpkg-lib/__tests__/mocks.ts:113:21)

  console.log
    test: endOperation('Download vcpkg source code repository')

      at Object.testLog (packages/run-vcpkg-lib/__tests__/utils.ts:14:13)

  console.log
    info: ⏱ elapsed: 0.009 seconds

      at Object.<anonymous> (packages/run-vcpkg-lib/__tests__/mocks.ts:113:21)

  console.log
    test: beginOperation('Build vcpkg executable')

      at Object.testLog (packages/run-vcpkg-lib/__tests__/utils.ts:14:13)

  console.log
    looking up mock answers for "which", key "sh"

      at Object.<anonymous>.MockAnswers.defaultLogger (packages/run-vcpkg-lib/__tests__/utils.ts:42:76)

  console.log
    found mock response: "/bin/bash"

      at Object.<anonymous>.MockAnswers.defaultLogger (packages/run-vcpkg-lib/__tests__/utils.ts:42:76)

  console.log
    looking up mock answers for "exec", key "chmod +x /path/to/vcpkg/bootstrap-vcpkg.sh"

      at Object.<anonymous>.MockAnswers.defaultLogger (packages/run-vcpkg-lib/__tests__/utils.ts:42:76)

  console.log
    found mock response: {"code":0,"stdout":"this is the output of chmod +x bootstrap"}

      at Object.<anonymous>.MockAnswers.defaultLogger (packages/run-vcpkg-lib/__tests__/utils.ts:42:76)

  console.log
    looking up mock answers for "exec", key "/bin/bash -c /path/to/vcpkg/bootstrap-vcpkg.sh"

      at Object.<anonymous>.MockAnswers.defaultLogger (packages/run-vcpkg-lib/__tests__/utils.ts:42:76)

  console.log
    found mock response: {"code":0,"stdout":"this is the output of bootstrap-vcpkg"}

      at Object.<anonymous>.MockAnswers.defaultLogger (packages/run-vcpkg-lib/__tests__/utils.ts:42:76)

  console.log
    { code: 0, stdout: 'this is the output of bootstrap-vcpkg' }

      at ActionToolRunner.<anonymous> (packages/run-vcpkg-lib/__tests__/mocks.ts:182:13)

  console.log
    test debug: getCommitId()<<

      at Object.<anonymous> (packages/run-vcpkg-lib/__tests__/mocks.ts:102:65)

  console.log
    looking up mock answers for "which", key "git"

      at Object.<anonymous>.MockAnswers.defaultLogger (packages/run-vcpkg-lib/__tests__/utils.ts:42:76)

  console.log
    found mock response: "/usr/local/bin/git"

      at Object.<anonymous>.MockAnswers.defaultLogger (packages/run-vcpkg-lib/__tests__/utils.ts:42:76)

  console.log
    info: Fetching the Git commit id at '/path/to/vcpkg' ...

      at Object.<anonymous> (packages/run-vcpkg-lib/__tests__/mocks.ts:113:21)

  console.log
    looking up mock answers for "exec", key "/usr/local/bin/git rev-parse HEAD"

      at Object.<anonymous>.MockAnswers.defaultLogger (packages/run-vcpkg-lib/__tests__/utils.ts:42:76)

  console.log
    found mock response: {"code":0,"stdout":"mygitref"}

      at Object.<anonymous>.MockAnswers.defaultLogger (packages/run-vcpkg-lib/__tests__/utils.ts:42:76)

  console.log
    { code: 0, stdout: 'mygitref' }

      at ActionToolRunner.<anonymous> (packages/run-vcpkg-lib/__tests__/mocks.ts:173:13)

  console.log
    {"code":0,"stdout":"mygitref"}

      at ActionToolRunner.<anonymous> (packages/run-vcpkg-lib/__tests__/mocks.ts:174:13)

  console.log
    test debug: git rev-parse: code=0, stdout=mygitref, stderr=

      at Object.<anonymous> (packages/run-vcpkg-lib/__tests__/mocks.ts:102:65)

  console.log
    test debug: getCommitId()>> -> mygitref

      at Object.<anonymous> (packages/run-vcpkg-lib/__tests__/mocks.ts:102:65)

  console.log
    test debug: Writing to file '/path/to/vcpkg/vcpkgLastBuiltCommitId' content 'mygitref'.

      at Object.<anonymous> (packages/run-vcpkg-lib/__tests__/mocks.ts:102:65)

  console.log
    test: writeFile('/path/to/vcpkg/vcpkgLastBuiltCommitId','mygitref')

      at Object.testLog (packages/run-vcpkg-lib/__tests__/utils.ts:14:13)

  console.log
    info: Stored last built vcpkg commit id 'mygitref' in file '/path/to/vcpkg/vcpkgLastBuiltCommitId

      at Object.<anonymous> (packages/run-vcpkg-lib/__tests__/mocks.ts:113:21)

  console.log
    test: endOperation('Build vcpkg executable')

      at Object.testLog (packages/run-vcpkg-lib/__tests__/utils.ts:14:13)

  console.log
    info: ⏱ elapsed: 0.013 seconds

      at Object.<anonymous> (packages/run-vcpkg-lib/__tests__/mocks.ts:113:21)

  console.log
    test: beginOperation('Install/Update ports using vcpkg.json')

      at Object.testLog (packages/run-vcpkg-lib/__tests__/utils.ts:14:13)

  console.log
    info: Running 'vcpkg install --recurse --clean-after-build' in directory '/path/to/vcpkg' ...

      at Object.<anonymous> (packages/run-vcpkg-lib/__tests__/mocks.ts:113:21)

  console.log
    looking up mock answers for "exec", key "/path/to/vcpkg/vcpkg install --recurse --clean-after-build"

      at Object.<anonymous>.MockAnswers.defaultLogger (packages/run-vcpkg-lib/__tests__/utils.ts:42:76)

  console.log
    found mock response: {"code":0,"stdout":"this is the `vcpkg install` output"}

      at Object.<anonymous>.MockAnswers.defaultLogger (packages/run-vcpkg-lib/__tests__/utils.ts:42:76)

  console.log
    { code: 0, stdout: 'this is the `vcpkg install` output' }

      at ActionToolRunner.<anonymous> (packages/run-vcpkg-lib/__tests__/mocks.ts:182:13)

  console.log
    test: endOperation('Install/Update ports using vcpkg.json')

      at Object.testLog (packages/run-vcpkg-lib/__tests__/utils.ts:14:13)

  console.log
    info: ⏱ elapsed: 0.001 seconds

      at Object.<anonymous> (packages/run-vcpkg-lib/__tests__/mocks.ts:113:21)

PASS packages/run-cmake-lib/__tests__/run-cmake.basic.test.ts
  ✓ run-cmake must configure and build successfully (12 ms)

PASS packages/run-vcpkg-lib/__tests__/utils_suite.test.ts
  ✓ tests for run-vcpkg utils.ts ... (1 ms)

PASS packages/run-cmake-lib/__tests__/run-cmake.toolchain.test.ts
  ✓ run-cmake with toolchain must configure and build and test successfully (28 ms)

PASS packages/run-cmake-lib/__tests__/run-cmake.only-configure.test.ts
  ✓ run-cmake must configure and nor build nor test successfully (6 ms)

  console.log
    >>> EXECUTING TEST: 'run-cmake must configure and build successfully'

      at Object.testWithHeader (packages/run-vcpkg-lib/__tests__/utils.ts:4:13)

  console.log
    test: input 'logCollectionRegExps' not found

      at testLog (packages/run-vcpkg-lib/__tests__/utils.ts:14:13)

  console.log
    test: input 'vcpkgTriplet' not found

      at testLog (packages/run-vcpkg-lib/__tests__/utils.ts:14:13)

  console.log
    test debug: run()<<

      at Object.<anonymous> (packages/run-vcpkg-lib/__tests__/mocks.ts:102:65)

  console.log
    looking up mock answers for "which", key "cmake"

      at Object.<anonymous>.MockAnswers.defaultLogger (packages/run-vcpkg-lib/__tests__/utils.ts:42:76)

  console.log
    found mock response: "/usr/bin/cmake"

      at Object.<anonymous>.MockAnswers.defaultLogger (packages/run-vcpkg-lib/__tests__/utils.ts:42:76)

  console.log
    looking up mock answers for "which", key "ctest"

      at Object.<anonymous>.MockAnswers.defaultLogger (packages/run-vcpkg-lib/__tests__/utils.ts:42:76)

  console.log
    found mock response: "/usr/bin/ctest"

      at Object.<anonymous>.MockAnswers.defaultLogger (packages/run-vcpkg-lib/__tests__/utils.ts:42:76)

  console.log
    test debug: configure()<<

      at Object.<anonymous> (packages/run-vcpkg-lib/__tests__/mocks.ts:102:65)

  console.log
    test debug: CMake arguments: --preset,cmake

      at Object.<anonymous> (packages/run-vcpkg-lib/__tests__/mocks.ts:102:65)

  console.log
    test debug: Generating project files with CMake ...

      at Object.<anonymous> (packages/run-vcpkg-lib/__tests__/mocks.ts:102:65)

  console.log
    test: beginOperation('Generate project files with CMake')

      at Object.testLog (packages/run-vcpkg-lib/__tests__/utils.ts:14:13)

  console.log
    looking up mock answers for "exec", key "/usr/bin/cmake --preset cmake"

      at Object.<anonymous>.MockAnswers.defaultLogger (packages/run-vcpkg-lib/__tests__/utils.ts:42:76)

  console.log
    found mock response: {"code":0,"stdout":"cmake --preset output here"}

      at Object.<anonymous>.MockAnswers.defaultLogger (packages/run-vcpkg-lib/__tests__/utils.ts:42:76)

  console.log
    { code: 0, stdout: 'cmake --preset output here' }

      at ActionToolRunner.<anonymous> (packages/run-vcpkg-lib/__tests__/mocks.ts:182:13)

  console.log
    test: endOperation('Generate project files with CMake')

      at Object.testLog (packages/run-vcpkg-lib/__tests__/utils.ts:14:13)

  console.log
    info: ⏱ elapsed: 0.001 seconds

      at Object.<anonymous> (packages/run-vcpkg-lib/__tests__/mocks.ts:113:21)

  console.log
    test debug: build()<<

      at Object.<anonymous> (packages/run-vcpkg-lib/__tests__/mocks.ts:102:65)

  console.log
    test debug: CMake arguments: --build,--preset,build

      at Object.<anonymous> (packages/run-vcpkg-lib/__tests__/mocks.ts:102:65)

  console.log
    test debug: Building with CMake ...

      at Object.<anonymous> (packages/run-vcpkg-lib/__tests__/mocks.ts:102:65)

  console.log
    test: beginOperation('Build with CMake')

      at Object.testLog (packages/run-vcpkg-lib/__tests__/utils.ts:14:13)

  console.log
    looking up mock answers for "exec", key "/usr/bin/cmake --build --preset build"

      at Object.<anonymous>.MockAnswers.defaultLogger (packages/run-vcpkg-lib/__tests__/utils.ts:42:76)

  console.log
    found mock response: {"code":0,"stdout":"cmake --build --preset output here"}

      at Object.<anonymous>.MockAnswers.defaultLogger (packages/run-vcpkg-lib/__tests__/utils.ts:42:76)

  console.log
    { code: 0, stdout: 'cmake --build --preset output here' }

      at ActionToolRunner.<anonymous> (packages/run-vcpkg-lib/__tests__/mocks.ts:182:13)

  console.log
    >>> EXECUTING TEST: 'run-cmake with toolchain must configure and build and test successfully'

      at Object.testWithHeader (packages/run-vcpkg-lib/__tests__/utils.ts:4:13)

  console.log
    test: endOperation('Build with CMake')

      at Object.testLog (packages/run-vcpkg-lib/__tests__/utils.ts:14:13)

  console.log
    info: ⏱ elapsed: 0.002 seconds

      at Object.<anonymous> (packages/run-vcpkg-lib/__tests__/mocks.ts:113:21)

  console.log
    test debug: build()>>

      at Object.<anonymous> (packages/run-vcpkg-lib/__tests__/mocks.ts:102:65)

  console.log
    test debug: test()<<

      at Object.<anonymous> (packages/run-vcpkg-lib/__tests__/mocks.ts:102:65)

  console.log
    test debug: CTest arguments: --preset,test

      at Object.<anonymous> (packages/run-vcpkg-lib/__tests__/mocks.ts:102:65)

  console.log
    test debug: Testing with CTest ...

      at Object.<anonymous> (packages/run-vcpkg-lib/__tests__/mocks.ts:102:65)

  console.log
    test: beginOperation('Test with CTest')

      at Object.testLog (packages/run-vcpkg-lib/__tests__/utils.ts:14:13)

  console.log
    looking up mock answers for "exec", key "/usr/bin/ctest --preset test"

      at Object.<anonymous>.MockAnswers.defaultLogger (packages/run-vcpkg-lib/__tests__/utils.ts:42:76)

  console.log
    found mock response: {"code":0,"stdout":"ctest --preset output here"}

      at Object.<anonymous>.MockAnswers.defaultLogger (packages/run-vcpkg-lib/__tests__/utils.ts:42:76)

  console.log
    { code: 0, stdout: 'ctest --preset output here' }

      at ActionToolRunner.<anonymous> (packages/run-vcpkg-lib/__tests__/mocks.ts:182:13)

  console.log
    test: endOperation('Test with CTest')

      at Object.testLog (packages/run-vcpkg-lib/__tests__/utils.ts:14:13)

  console.log
    info: ⏱ elapsed: 0.001 seconds

      at Object.<anonymous> (packages/run-vcpkg-lib/__tests__/mocks.ts:113:21)

  console.log
    test debug: test()>>

      at Object.<anonymous> (packages/run-vcpkg-lib/__tests__/mocks.ts:102:65)

  console.log
    test debug: run()>>

      at Object.<anonymous> (packages/run-vcpkg-lib/__tests__/mocks.ts:102:65)

  console.log
    test: input 'logCollectionRegExps' not found

      at testLog (packages/run-vcpkg-lib/__tests__/utils.ts:14:13)

  console.log
    test debug: run()<<

      at Object.<anonymous> (packages/run-vcpkg-lib/__tests__/mocks.ts:102:65)

  console.log
    looking up mock answers for "which", key "cmake"

      at Object.<anonymous>.MockAnswers.defaultLogger (packages/run-vcpkg-lib/__tests__/utils.ts:42:76)

  console.log
    found mock response: "/usr/bin/cmake"

      at Object.<anonymous>.MockAnswers.defaultLogger (packages/run-vcpkg-lib/__tests__/utils.ts:42:76)

  console.log
    looking up mock answers for "which", key "ctest"

      at Object.<anonymous>.MockAnswers.defaultLogger (packages/run-vcpkg-lib/__tests__/utils.ts:42:76)

  console.log
    found mock response: "/usr/bin/ctest"

      at Object.<anonymous>.MockAnswers.defaultLogger (packages/run-vcpkg-lib/__tests__/utils.ts:42:76)

  console.log
    test debug: configure()<<

      at Object.<anonymous> (packages/run-vcpkg-lib/__tests__/mocks.ts:102:65)

  console.log
    test debug: CMake arguments: --preset,cmake

      at Object.<anonymous> (packages/run-vcpkg-lib/__tests__/mocks.ts:102:65)

  console.log
    test debug: Generating project files with CMake ...

      at Object.<anonymous> (packages/run-vcpkg-lib/__tests__/mocks.ts:102:65)

  console.log
    test: beginOperation('Generate project files with CMake')

      at Object.testLog (packages/run-vcpkg-lib/__tests__/utils.ts:14:13)

  console.log
    looking up mock answers for "exec", key "/usr/bin/cmake --preset cmake"

      at Object.<anonymous>.MockAnswers.defaultLogger (packages/run-vcpkg-lib/__tests__/utils.ts:42:76)

  console.log
    found mock response: {"code":0,"stdout":"cmake --preset output here"}

      at Object.<anonymous>.MockAnswers.defaultLogger (packages/run-vcpkg-lib/__tests__/utils.ts:42:76)

  console.log
    { code: 0, stdout: 'cmake --preset output here' }

      at ActionToolRunner.<anonymous> (packages/run-vcpkg-lib/__tests__/mocks.ts:182:13)

  console.log
    test: endOperation('Generate project files with CMake')

      at Object.testLog (packages/run-vcpkg-lib/__tests__/utils.ts:14:13)

  console.log
    info: ⏱ elapsed: 0.012 seconds

      at Object.<anonymous> (packages/run-vcpkg-lib/__tests__/mocks.ts:113:21)

  console.log
    test debug: build()<<

      at Object.<anonymous> (packages/run-vcpkg-lib/__tests__/mocks.ts:102:65)

  console.log
    test debug: CMake arguments: --build,--preset,build

      at Object.<anonymous> (packages/run-vcpkg-lib/__tests__/mocks.ts:102:65)

  console.log
    test debug: Building with CMake ...

      at Object.<anonymous> (packages/run-vcpkg-lib/__tests__/mocks.ts:102:65)

  console.log
    test: beginOperation('Build with CMake')

      at Object.testLog (packages/run-vcpkg-lib/__tests__/utils.ts:14:13)

  console.log
    looking up mock answers for "exec", key "/usr/bin/cmake --build --preset build"

      at Object.<anonymous>.MockAnswers.defaultLogger (packages/run-vcpkg-lib/__tests__/utils.ts:42:76)

  console.log
    found mock response: {"code":0,"stdout":"cmake --build --preset output here"}

      at Object.<anonymous>.MockAnswers.defaultLogger (packages/run-vcpkg-lib/__tests__/utils.ts:42:76)

  console.log
    { code: 0, stdout: 'cmake --build --preset output here' }

      at ActionToolRunner.<anonymous> (packages/run-vcpkg-lib/__tests__/mocks.ts:182:13)

  console.log
    test: endOperation('Build with CMake')

      at Object.testLog (packages/run-vcpkg-lib/__tests__/utils.ts:14:13)

  console.log
    info: ⏱ elapsed: 0.003 seconds

      at Object.<anonymous> (packages/run-vcpkg-lib/__tests__/mocks.ts:113:21)

  console.log
    test debug: build()>>

      at Object.<anonymous> (packages/run-vcpkg-lib/__tests__/mocks.ts:102:65)

  console.log
    test debug: test()<<

      at Object.<anonymous> (packages/run-vcpkg-lib/__tests__/mocks.ts:102:65)

  console.log
    test debug: CTest arguments: --preset,test

      at Object.<anonymous> (packages/run-vcpkg-lib/__tests__/mocks.ts:102:65)

  console.log
    test debug: Testing with CTest ...

      at Object.<anonymous> (packages/run-vcpkg-lib/__tests__/mocks.ts:102:65)

  console.log
    test: beginOperation('Test with CTest')

      at Object.testLog (packages/run-vcpkg-lib/__tests__/utils.ts:14:13)

  console.log
    looking up mock answers for "exec", key "/usr/bin/ctest --preset test"

      at Object.<anonymous>.MockAnswers.defaultLogger (packages/run-vcpkg-lib/__tests__/utils.ts:42:76)

  console.log
    found mock response: {"code":0,"stdout":"ctest --preset output here"}

      at Object.<anonymous>.MockAnswers.defaultLogger (packages/run-vcpkg-lib/__tests__/utils.ts:42:76)

  console.log
    { code: 0, stdout: 'ctest --preset output here' }

      at ActionToolRunner.<anonymous> (packages/run-vcpkg-lib/__tests__/mocks.ts:182:13)

  console.log
    test: endOperation('Test with CTest')

      at Object.testLog (packages/run-vcpkg-lib/__tests__/utils.ts:14:13)

  console.log
    info: ⏱ elapsed: 0.001 seconds

      at Object.<anonymous> (packages/run-vcpkg-lib/__tests__/mocks.ts:113:21)

  console.log
    test debug: test()>>

      at Object.<anonymous> (packages/run-vcpkg-lib/__tests__/mocks.ts:102:65)

  console.log
    test debug: run()>>

      at Object.<anonymous> (packages/run-vcpkg-lib/__tests__/mocks.ts:102:65)

  console.log
    >>> EXECUTING TEST: 'run-cmake must configure and nor build nor test successfully'

      at Object.testWithHeader (packages/run-vcpkg-lib/__tests__/utils.ts:4:13)

  console.log
    test: input 'logCollectionRegExps' not found

      at testLog (packages/run-vcpkg-lib/__tests__/utils.ts:14:13)

  console.log
    test: input 'buildPreset' not found

      at testLog (packages/run-vcpkg-lib/__tests__/utils.ts:14:13)

  console.log
    test: input 'testPreset' not found

      at testLog (packages/run-vcpkg-lib/__tests__/utils.ts:14:13)

  console.log
    test: input 'vcpkgTriplet' not found

      at testLog (packages/run-vcpkg-lib/__tests__/utils.ts:14:13)

  console.log
    test debug: run()<<

      at Object.<anonymous> (packages/run-vcpkg-lib/__tests__/mocks.ts:102:65)

  console.log
    looking up mock answers for "which", key "cmake"

      at Object.<anonymous>.MockAnswers.defaultLogger (packages/run-vcpkg-lib/__tests__/utils.ts:42:76)

  console.log
    found mock response: "/usr/bin/cmake"

      at Object.<anonymous>.MockAnswers.defaultLogger (packages/run-vcpkg-lib/__tests__/utils.ts:42:76)

  console.log
    looking up mock answers for "which", key "ctest"

      at Object.<anonymous>.MockAnswers.defaultLogger (packages/run-vcpkg-lib/__tests__/utils.ts:42:76)

  console.log
    found mock response: "/usr/bin/ctest"

      at Object.<anonymous>.MockAnswers.defaultLogger (packages/run-vcpkg-lib/__tests__/utils.ts:42:76)

  console.log
    test debug: configure()<<

      at Object.<anonymous> (packages/run-vcpkg-lib/__tests__/mocks.ts:102:65)

  console.log
    test debug: CMake arguments: --preset,cmake

      at Object.<anonymous> (packages/run-vcpkg-lib/__tests__/mocks.ts:102:65)

  console.log
    test debug: Generating project files with CMake ...

      at Object.<anonymous> (packages/run-vcpkg-lib/__tests__/mocks.ts:102:65)

  console.log
    test: beginOperation('Generate project files with CMake')

      at Object.testLog (packages/run-vcpkg-lib/__tests__/utils.ts:14:13)

  console.log
    looking up mock answers for "exec", key "/usr/bin/cmake --preset cmake"

      at Object.<anonymous>.MockAnswers.defaultLogger (packages/run-vcpkg-lib/__tests__/utils.ts:42:76)

  console.log
    found mock response: {"code":0,"stdout":"cmake --preset output here"}

      at Object.<anonymous>.MockAnswers.defaultLogger (packages/run-vcpkg-lib/__tests__/utils.ts:42:76)

  console.log
    { code: 0, stdout: 'cmake --preset output here' }

      at ActionToolRunner.<anonymous> (packages/run-vcpkg-lib/__tests__/mocks.ts:182:13)

  console.log
    test: endOperation('Generate project files with CMake')

      at Object.testLog (packages/run-vcpkg-lib/__tests__/utils.ts:14:13)

  console.log
    info: ⏱ elapsed: 0.001 seconds

      at Object.<anonymous> (packages/run-vcpkg-lib/__tests__/mocks.ts:113:21)

  console.log
    test debug: run()>>

      at Object.<anonymous> (packages/run-vcpkg-lib/__tests__/mocks.ts:102:65)

  console.log
    >>> EXECUTING TEST: 'run-cmake must fail when a tool returns error code 1'

      at Object.testWithHeader (packages/run-vcpkg-lib/__tests__/utils.ts:4:13)

  console.log
    test: input 'logCollectionRegExps' not found

      at testLog (packages/run-vcpkg-lib/__tests__/utils.ts:14:13)

  console.log
    test: input 'buildPreset' not found

      at testLog (packages/run-vcpkg-lib/__tests__/utils.ts:14:13)

  console.log
    test: input 'testPreset' not found

      at testLog (packages/run-vcpkg-lib/__tests__/utils.ts:14:13)

  console.log
    test: input 'vcpkgTriplet' not found

      at testLog (packages/run-vcpkg-lib/__tests__/utils.ts:14:13)

  console.log
    test debug: run()<<

      at Object.<anonymous> (packages/run-vcpkg-lib/__tests__/mocks.ts:102:65)

  console.log
    looking up mock answers for "which", key "cmake"

      at Object.<anonymous>.MockAnswers.defaultLogger (packages/run-vcpkg-lib/__tests__/utils.ts:42:76)

  console.log
    found mock response: "/usr/bin/cmake"

      at Object.<anonymous>.MockAnswers.defaultLogger (packages/run-vcpkg-lib/__tests__/utils.ts:42:76)

  console.log
    looking up mock answers for "which", key "ctest"

      at Object.<anonymous>.MockAnswers.defaultLogger (packages/run-vcpkg-lib/__tests__/utils.ts:42:76)

  console.log
    found mock response: "/usr/bin/ctest"

      at Object.<anonymous>.MockAnswers.defaultLogger (packages/run-vcpkg-lib/__tests__/utils.ts:42:76)

PASS packages/run-cmake-lib/__tests__/run-cmake.error-code.test.ts
  ✓ run-cmake must fail when a tool returns error code 1 (14 ms)

  console.log
    test debug: configure()<<

      at Object.<anonymous> (packages/run-vcpkg-lib/__tests__/mocks.ts:102:65)

  console.log
    test debug: CMake arguments: --preset,cmake

      at Object.<anonymous> (packages/run-vcpkg-lib/__tests__/mocks.ts:102:65)

  console.log
    test debug: Generating project files with CMake ...

      at Object.<anonymous> (packages/run-vcpkg-lib/__tests__/mocks.ts:102:65)

  console.log
    test: beginOperation('Generate project files with CMake')

      at Object.testLog (packages/run-vcpkg-lib/__tests__/utils.ts:14:13)

  console.log
    looking up mock answers for "exec", key "/usr/bin/cmake --preset cmake"

      at Object.<anonymous>.MockAnswers.defaultLogger (packages/run-vcpkg-lib/__tests__/utils.ts:42:76)

  console.log
    found mock response: {"code":1,"stdout":"cmake --preset output here"}

      at Object.<anonymous>.MockAnswers.defaultLogger (packages/run-vcpkg-lib/__tests__/utils.ts:42:76)

  console.log
    { code: 1, stdout: 'cmake --preset output here' }

      at ActionToolRunner.<anonymous> (packages/run-vcpkg-lib/__tests__/mocks.ts:182:13)

  console.log
    test: endOperation('Generate project files with CMake')

      at Object.testLog (packages/run-vcpkg-lib/__tests__/utils.ts:14:13)
          at Generator.throw (<anonymous>)

  console.log
    info: ⏱ elapsed: 0.001 seconds

      at Object.<anonymous> (packages/run-vcpkg-lib/__tests__/mocks.ts:113:21)
          at Generator.throw (<anonymous>)

-------------------|---------|----------|---------|---------|-------------------------------------------------------------------------------------------------------
File               | % Stmts | % Branch | % Funcs | % Lines | Uncovered Line #s                                                                                     
-------------------|---------|----------|---------|---------|-------------------------------------------------------------------------------------------------------
All files          |   46.34 |    41.69 |   43.95 |   46.24 |                                                                                                       
 action-lib/src    |   40.93 |     46.3 |   48.15 |   41.58 |                                                                                                       
  action-lib.ts    |   40.93 |     46.3 |   48.15 |   41.58 | 20-49,79,81,83,97-101,105-109,128-131,136-141,167,199,234-283,290-339,359,394,402-405,417-444,455-459 
 base-util-lib/src |       0 |        0 |       0 |       0 |                                                                                                       
  utils.ts         |       0 |        0 |       0 |       0 | 5-568                                                                                                 
 run-cmake-lib/src |   90.77 |    75.93 |   86.96 |   90.48 |                                                                                                       
  cmake-globals.ts |     100 |      100 |     100 |     100 |                                                                                                       
  cmake-runner.ts  |   96.25 |    81.08 |   83.33 |    96.1 | 51,160-161                                                                                            
  utils.ts         |   75.68 |    64.71 |     100 |      75 | 20,49,51,69-76                                                                                        
  vcpkg-globals.ts |     100 |      100 |     100 |     100 |                                                                                                       
 run-vcpkg-lib/src |   88.54 |    73.24 |   85.19 |   88.17 |                                                                                                       
  utils.ts         |     100 |      100 |     100 |     100 |                                                                                                       
  vcpkg-globals.ts |     100 |      100 |     100 |     100 |                                                                                                       
  vcpkg-runner.ts  |   87.64 |    73.24 |   84.62 |   87.21 | 29,40,52-53,110,142,198-199,227,256-260,269,314,320-323,343-347                                       
-------------------|---------|----------|---------|---------|-------------------------------------------------------------------------------------------------------
Test Suites: 18 passed, 18 total
Tests:       28 passed, 28 total
Snapshots:   0 total
Time:        7.3 s
Ran all test suites.
